 xcg

 Timestamp is 4124506b (Thu Aug 19 00:02:03 2004)

 Preferred load address is 00400000

 Start         Length     Name                   Class
 0001:00000000 0000ed34H .text                   CODE
 0001:0000ed40 00000ad2H .text$x                 CODE
 0001:0000f820 00000097H .text$yc                CODE
 0001:0000f8c0 0000004bH .text$yd                CODE
 0002:00000000 000001ecH .idata$5                DATA
 0002:000001f0 00002588H .rdata                  DATA
 0002:00002778 00000040H .rdata$debug            DATA
 0002:000027b8 00000210H .rdata$r                DATA
 0002:000029d0 000000f0H .rdata$sxdata           DATA
 0002:00002ac0 00000004H .rtc$IAA                DATA
 0002:00002ac4 00000004H .rtc$IZZ                DATA
 0002:00002ac8 00000004H .rtc$TAA                DATA
 0002:00002acc 00000004H .rtc$TZZ                DATA
 0002:00002ad0 00000f4cH .xdata$x                DATA
 0002:00003a1c 00000050H .idata$2                DATA
 0002:00003a6c 00000014H .idata$3                DATA
 0002:00003a80 000001ecH .idata$4                DATA
 0002:00003c6c 00001656H .idata$6                DATA
 0002:000052c2 00000000H .edata                  DATA
 0003:00000000 00000004H .CRT$XCA                DATA
 0003:00000004 00000014H .CRT$XCU                DATA
 0003:00000018 00000004H .CRT$XCZ                DATA
 0003:0000001c 00000004H .CRT$XIA                DATA
 0003:00000020 00000004H .CRT$XIZ                DATA
 0003:00000030 00000518H .data                   DATA
 0003:00000548 000000c0H .bss                    DATA

  Address         Publics by Value              Rva+Base     Lib:Object

 0000:00000000       __except_list              00000000     <absolute>
 0000:0000003c       ___safe_se_handler_count   0000003c     <absolute>
 0000:00009876       __fltused                  00009876     <absolute>
 0000:00009876       __ldused                   00009876     <absolute>
 0001:00000000       ??$?HDU?$char_traits@D@std@@V?$allocator@D@1@@std@@YA?AV?$basic_string@DU?$char_traits@D@std@@V?$allocator@D@2@@0@ABV10@0@Z 00401000 f i default.obj
 0001:00000080       ??$?HDU?$char_traits@D@std@@V?$allocator@D@1@@std@@YA?AV?$basic_string@DU?$char_traits@D@std@@V?$allocator@D@2@@0@PBDABV10@@Z 00401080 f i default.obj
 0001:00000100       ??$?HDU?$char_traits@D@std@@V?$allocator@D@1@@std@@YA?AV?$basic_string@DU?$char_traits@D@std@@V?$allocator@D@2@@0@ABV10@PBD@Z 00401100 f i default.obj
 0001:00000180       ??$use_facet@V?$ctype@D@std@@@std@@YAABV?$ctype@D@0@ABVlocale@0@@Z 00401180 f i default.obj
 0001:00000270       ??$?6DU?$char_traits@D@std@@V?$allocator@D@1@@std@@YAAAV?$basic_ostream@DU?$char_traits@D@std@@@0@AAV10@ABV?$basic_string@DU?$char_traits@D@std@@V?$allocator@D@2@@0@@Z 00401270 f i default.obj
 0001:000005c0       ??0sentry@?$basic_ostream@DU?$char_traits@D@std@@@std@@QAE@AAV12@@Z 004015c0 f i default.obj
 0001:00000670       ??1sentry@?$basic_ostream@DU?$char_traits@D@std@@@std@@QAE@XZ 00401670 f i default.obj
 0001:000006d0       ??0_Sentry_base@?$basic_ostream@DU?$char_traits@D@std@@@std@@QAE@AAV12@@Z 004016d0 f i default.obj
 0001:00000720       ??1_Sentry_base@?$basic_ostream@DU?$char_traits@D@std@@@std@@QAE@XZ 00401720 f i default.obj
 0001:00000770       ?fixup@?A0xb1cc6391@@YAPBDABV?$basic_string@DU?$char_traits@D@std@@V?$allocator@D@2@@std@@@Z 00401770 f   generate.obj
 0001:000007d0       ?fix_name@?A0xb1cc6391@@YAXAAV?$basic_string@DU?$char_traits@D@std@@V?$allocator@D@2@@std@@@Z 004017d0 f   generate.obj
 0001:00000870       ?Class_Name@?A0xb1cc6391@@YA?AV?$basic_string@DU?$char_traits@D@std@@V?$allocator@D@2@@std@@ABV23@@Z 00401870 f   generate.obj
 0001:00000980       ?Plural_Name@?A0xb1cc6391@@YA?AV?$basic_string@DU?$char_traits@D@std@@V?$allocator@D@2@@std@@ABV23@@Z 00401980 f   generate.obj
 0001:00000a40       ?Member_Name@?A0xb1cc6391@@YA?AV?$basic_string@DU?$char_traits@D@std@@V?$allocator@D@2@@std@@ABV23@@Z 00401a40 f   generate.obj
 0001:00000c00       ?Name@?A0xb1cc6391@@YA?AV?$basic_string@DU?$char_traits@D@std@@V?$allocator@D@2@@std@@ABV23@@Z 00401c00 f   generate.obj
 0001:00000c80       ??0Generator@impl@@QAE@ABV?$basic_string@DU?$char_traits@D@std@@V?$allocator@D@2@@std@@0ABV?$map@V?$basic_string@DU?$char_traits@D@std@@V?$allocator@D@2@@std@@VElement@impl@@U?$less@V?$basic_string@DU?$char_traits@D@std@@V?$allocator@D@2@@std@@@2@V?$allocator@U?$pair@$$CBV?$basic_string@DU?$char_traits@D@std@@V?$allocator@D@2@@std@@VElement@impl@@@std@@@2@@3@@Z 00401c80 f   generate.obj
 0001:00001340       ?declaration@Generator@impl@@ABEXABV?$basic_string@DU?$char_traits@D@std@@V?$allocator@D@2@@std@@AAV?$basic_ostream@DU?$char_traits@D@std@@@4@0@Z 00402340 f   generate.obj
 0001:00001d60       ?declaration_attributes@Generator@impl@@ABEXABV?$basic_string@DU?$char_traits@D@std@@V?$allocator@D@2@@std@@AAV?$basic_ostream@DU?$char_traits@D@std@@@4@@Z 00402d60 f   generate.obj
 0001:00001fc0       ?declaration_elements@Generator@impl@@ABEXABV?$basic_string@DU?$char_traits@D@std@@V?$allocator@D@2@@std@@AAV?$basic_ostream@DU?$char_traits@D@std@@@4@@Z 00402fc0 f   generate.obj
 0001:00002270       ?header@Generator@impl@@ABEXABV?$vector@V?$basic_string@DU?$char_traits@D@std@@V?$allocator@D@2@@std@@V?$allocator@V?$basic_string@DU?$char_traits@D@std@@V?$allocator@D@2@@std@@@2@@std@@ABV?$basic_string@DU?$char_traits@D@std@@V?$allocator@D@2@@4@AAV?$basic_ostream@DU?$char_traits@D@std@@@4@@Z 00403270 f   generate.obj
 0001:00002730       ?str_upper@impl@@YAAAV?$basic_string@DU?$char_traits@D@std@@V?$allocator@D@2@@std@@AAV23@@Z 00403730 f i generate.obj
 0001:000027f0       ?inline_attributes@Generator@impl@@ABEXABV?$basic_string@DU?$char_traits@D@std@@V?$allocator@D@2@@std@@AAV?$basic_ostream@DU?$char_traits@D@std@@@4@0@Z 004037f0 f   generate.obj
 0001:00002ad0       ?inline_elements@Generator@impl@@ABEXABV?$basic_string@DU?$char_traits@D@std@@V?$allocator@D@2@@std@@AAV?$basic_ostream@DU?$char_traits@D@std@@@4@0@Z 00403ad0 f   generate.obj
 0001:00002dc0       ?inline_implementation@Generator@impl@@ABEXABV?$basic_string@DU?$char_traits@D@std@@V?$allocator@D@2@@std@@AAV?$basic_ostream@DU?$char_traits@D@std@@@4@0@Z 00403dc0 f   generate.obj
 0001:00003650       ?inlines@Generator@impl@@ABEXABV?$vector@V?$basic_string@DU?$char_traits@D@std@@V?$allocator@D@2@@std@@V?$allocator@V?$basic_string@DU?$char_traits@D@std@@V?$allocator@D@2@@std@@@2@@std@@ABV?$basic_string@DU?$char_traits@D@std@@V?$allocator@D@2@@4@AAV?$basic_ostream@DU?$char_traits@D@std@@@4@@Z 00404650 f   generate.obj
 0001:00003a00       ?license@Generator@impl@@ABEXAAV?$basic_ostream@DU?$char_traits@D@std@@@std@@@Z 00404a00 f   generate.obj
 0001:00003ce0       ?sort_elements@Generator@impl@@ABEXABU?$pair@$$CBV?$basic_string@DU?$char_traits@D@std@@V?$allocator@D@2@@std@@VElement@impl@@@std@@AAV?$vector@V?$basic_string@DU?$char_traits@D@std@@V?$allocator@D@2@@std@@V?$allocator@V?$basic_string@DU?$char_traits@D@std@@V?$allocator@D@2@@std@@@2@@4@@Z 00404ce0 f   generate.obj
 0001:00003ec0       ?sort_include@Generator@impl@@ABEXABV?$basic_string@DU?$char_traits@D@std@@V?$allocator@D@2@@std@@AAV?$vector@V?$basic_string@DU?$char_traits@D@std@@V?$allocator@D@2@@std@@V?$allocator@V?$basic_string@DU?$char_traits@D@std@@V?$allocator@D@2@@std@@@2@@4@0@Z 00404ec0 f   generate.obj
 0001:00004120       ?source@Generator@impl@@ABEXABV?$vector@V?$basic_string@DU?$char_traits@D@std@@V?$allocator@D@2@@std@@V?$allocator@V?$basic_string@DU?$char_traits@D@std@@V?$allocator@D@2@@std@@@2@@std@@ABV?$basic_string@DU?$char_traits@D@std@@V?$allocator@D@2@@4@AAV?$basic_ostream@DU?$char_traits@D@std@@@4@@Z 00405120 f   generate.obj
 0001:00004850       ?source_implementation@Generator@impl@@ABEXABV?$basic_string@DU?$char_traits@D@std@@V?$allocator@D@2@@std@@AAV?$basic_ostream@DU?$char_traits@D@std@@@4@0@Z 00405850 f   generate.obj
 0001:00006850       ?source_ope_attributes@Generator@impl@@ABEXABV?$basic_string@DU?$char_traits@D@std@@V?$allocator@D@2@@std@@AAV?$basic_ostream@DU?$char_traits@D@std@@@4@@Z 00407850 f   generate.obj
 0001:00006900       ?source_ope_elements@Generator@impl@@ABEXABV?$basic_string@DU?$char_traits@D@std@@V?$allocator@D@2@@std@@AAV?$basic_ostream@DU?$char_traits@D@std@@@4@@Z 00407900 f   generate.obj
 0001:00006a00       ?source_read_attributes@Generator@impl@@ABEXABV?$basic_string@DU?$char_traits@D@std@@V?$allocator@D@2@@std@@AAV?$basic_ostream@DU?$char_traits@D@std@@@4@Vconst_iterator@?$vector@V?$basic_string@DU?$char_traits@D@std@@V?$allocator@D@2@@std@@V?$allocator@V?$basic_string@DU?$char_traits@D@std@@V?$allocator@D@2@@std@@@2@@4@2@Z 00407a00 f   generate.obj
 0001:00006b90       ?source_read_elements@Generator@impl@@ABEXABV?$basic_string@DU?$char_traits@D@std@@V?$allocator@D@2@@std@@AAV?$basic_ostream@DU?$char_traits@D@std@@@4@@Z 00407b90 f   generate.obj
 0001:00006d50       ?source_write_attributes@Generator@impl@@ABEXABV?$basic_string@DU?$char_traits@D@std@@V?$allocator@D@2@@std@@AAV?$basic_ostream@DU?$char_traits@D@std@@@4@0@Z 00407d50 f   generate.obj
 0001:00006fe0       ?source_write_elements@Generator@impl@@ABEXABV?$basic_string@DU?$char_traits@D@std@@V?$allocator@D@2@@std@@AAV?$basic_ostream@DU?$char_traits@D@std@@@4@@Z 00407fe0 f   generate.obj
 0001:00007110       ??0?$vector@V?$basic_string@DU?$char_traits@D@std@@V?$allocator@D@2@@std@@V?$allocator@V?$basic_string@DU?$char_traits@D@std@@V?$allocator@D@2@@std@@@2@@std@@QAE@ABV01@@Z 00408110 f i generate.obj
 0001:00007250       ??1?$vector@V?$basic_string@DU?$char_traits@D@std@@V?$allocator@D@2@@std@@V?$allocator@V?$basic_string@DU?$char_traits@D@std@@V?$allocator@D@2@@std@@@2@@std@@QAE@XZ 00408250 f i generate.obj
 0001:00007270       ?push_back@?$vector@V?$basic_string@DU?$char_traits@D@std@@V?$allocator@D@2@@std@@V?$allocator@V?$basic_string@DU?$char_traits@D@std@@V?$allocator@D@2@@std@@@2@@std@@QAEXABV?$basic_string@DU?$char_traits@D@std@@V?$allocator@D@2@@2@@Z 00408270 f i generate.obj
 0001:00007340       ?find@?$_Tree@V?$_Tmap_traits@V?$basic_string@DU?$char_traits@D@std@@V?$allocator@D@2@@std@@VElement@impl@@U?$less@V?$basic_string@DU?$char_traits@D@std@@V?$allocator@D@2@@std@@@2@V?$allocator@U?$pair@$$CBV?$basic_string@DU?$char_traits@D@std@@V?$allocator@D@2@@std@@VElement@impl@@@std@@@2@$0A@@std@@@std@@QBE?AVconst_iterator@12@ABV?$basic_string@DU?$char_traits@D@std@@V?$allocator@D@2@@2@@Z 00408340 f i generate.obj
 0001:00007340       ?find@?$_Tree@V?$_Tmap_traits@V?$basic_string@DU?$char_traits@D@std@@V?$allocator@D@2@@std@@VElement@impl@@U?$less@V?$basic_string@DU?$char_traits@D@std@@V?$allocator@D@2@@std@@@2@V?$allocator@U?$pair@$$CBV?$basic_string@DU?$char_traits@D@std@@V?$allocator@D@2@@std@@VElement@impl@@@std@@@2@$0A@@std@@@std@@QAE?AViterator@12@ABV?$basic_string@DU?$char_traits@D@std@@V?$allocator@D@2@@2@@Z 00408340 f i parse.obj
 0001:000073e0       ?insert@?$vector@V?$basic_string@DU?$char_traits@D@std@@V?$allocator@D@2@@std@@V?$allocator@V?$basic_string@DU?$char_traits@D@std@@V?$allocator@D@2@@std@@@2@@std@@QAE?AViterator@12@V312@ABV?$basic_string@DU?$char_traits@D@std@@V?$allocator@D@2@@2@@Z 004083e0 f i generate.obj
 0001:000074a0       ?_Buy@?$vector@V?$basic_string@DU?$char_traits@D@std@@V?$allocator@D@2@@std@@V?$allocator@V?$basic_string@DU?$char_traits@D@std@@V?$allocator@D@2@@std@@@2@@std@@IAE_NI@Z 004084a0 f i generate.obj
 0001:00007540       ?_Tidy@?$vector@V?$basic_string@DU?$char_traits@D@std@@V?$allocator@D@2@@std@@V?$allocator@V?$basic_string@DU?$char_traits@D@std@@V?$allocator@D@2@@std@@@2@@std@@IAEXXZ 00408540 f i generate.obj
 0001:00007610       ??Hiterator@?$vector@V?$basic_string@DU?$char_traits@D@std@@V?$allocator@D@2@@std@@V?$allocator@V?$basic_string@DU?$char_traits@D@std@@V?$allocator@D@2@@std@@@2@@std@@QBE?AV012@H@Z 00408610 f i generate.obj
 0001:00007640       ?_Insert_n@?$vector@V?$basic_string@DU?$char_traits@D@std@@V?$allocator@D@2@@std@@V?$allocator@V?$basic_string@DU?$char_traits@D@std@@V?$allocator@D@2@@std@@@2@@std@@IAEXViterator@12@IABV?$basic_string@DU?$char_traits@D@std@@V?$allocator@D@2@@2@@Z 00408640 f i generate.obj
 0001:00007f10       ?_Xlen@?$vector@V?$basic_string@DU?$char_traits@D@std@@V?$allocator@D@2@@std@@V?$allocator@V?$basic_string@DU?$char_traits@D@std@@V?$allocator@D@2@@std@@@2@@std@@IBEXXZ 00408f10 f i generate.obj
 0001:00007f90       ?what@logic_error@std@@UBEPBDXZ 00408f90 f i generate.obj
 0001:00007fb0       ??_Elogic_error@std@@UAEPAXI@Z 00408fb0 f i generate.obj
 0001:00007fb0       ??_Glogic_error@std@@UAEPAXI@Z 00408fb0 f i generate.obj
 0001:00007fe0       ??1logic_error@std@@UAE@XZ 00408fe0 f i generate.obj
 0001:00008040       ??1length_error@std@@UAE@XZ 00409040 f i generate.obj
 0001:000080a0       ??_Glength_error@std@@UAEPAXI@Z 004090a0 f i generate.obj
 0001:000080a0       ??_Elength_error@std@@UAEPAXI@Z 004090a0 f i generate.obj
 0001:000080d0       ?_Lbound@?$_Tree@V?$_Tmap_traits@V?$basic_string@DU?$char_traits@D@std@@V?$allocator@D@2@@std@@VElement@impl@@U?$less@V?$basic_string@DU?$char_traits@D@std@@V?$allocator@D@2@@std@@@2@V?$allocator@U?$pair@$$CBV?$basic_string@DU?$char_traits@D@std@@V?$allocator@D@2@@std@@VElement@impl@@@std@@@2@$0A@@std@@@std@@IBEPAU_Node@?$_Tree_nod@V?$_Tmap_traits@V?$basic_string@DU?$char_traits@D@std@@V?$allocator@D@2@@std@@VElement@impl@@U?$less@V?$basic_string@DU?$char_traits@D@std@@V?$allocator@D@2@@std@@@2@V?$allocator@U?$pair@$$CBV?$basic_string@DU?$char_traits@D@std@@V?$allocator@D@2@@std@@VElement@impl@@@std@@@2@$0A@@std@@@2@ABV?$basic_string@DU?$char_traits@D@std@@V?$allocator@D@2@@2@@Z 004090d0 f i generate.obj
 0001:00008140       ??0length_error@std@@QAE@ABV01@@Z 00409140 f i generate.obj
 0001:000081b0       ??0logic_error@std@@QAE@ABV01@@Z 004091b0 f i generate.obj
 0001:00008220       ??$bind@XVGenerator@impl@@ABV?$basic_string@DU?$char_traits@D@std@@V?$allocator@D@2@@std@@AAV?$basic_ostream@DU?$char_traits@D@std@@@4@PBV12@V?$arg@$00@boost@@V?$reference_wrapper@V?$basic_ostream@DU?$char_traits@D@std@@@std@@@7@@boost@@YA?AV?$bind_t@XV?$cmf2@XVGenerator@impl@@ABV?$basic_string@DU?$char_traits@D@std@@V?$allocator@D@2@@std@@AAV?$basic_ostream@DU?$char_traits@D@std@@@4@@_mfi@boost@@V?$list3@V?$value@PBVGenerator@impl@@@_bi@boost@@V?$arg@$00@3@V?$reference_wrapper@V?$basic_ostream@DU?$char_traits@D@std@@@std@@@3@@_bi@3@@_bi@0@P8Generator@impl@@BEXABV?$basic_string@DU?$char_traits@D@std@@V?$allocator@D@2@@std@@AAV?$basic_ostream@DU?$char_traits@D@std@@@6@@ZPBV34@V?$arg@$00@0@V?$reference_wrapper@V?$basic_ostream@DU?$char_traits@D@std@@@std@@@0@@Z 00409220 f i generate.obj
 0001:00008220       ??$bind@XVGenerator@impl@@ABU?$pair@$$CBV?$basic_string@DU?$char_traits@D@std@@V?$allocator@D@2@@std@@VElement@impl@@@std@@AAV?$vector@V?$basic_string@DU?$char_traits@D@std@@V?$allocator@D@2@@std@@V?$allocator@V?$basic_string@DU?$char_traits@D@std@@V?$allocator@D@2@@std@@@2@@4@PAV12@V?$arg@$00@boost@@V?$reference_wrapper@V?$vector@V?$basic_string@DU?$char_traits@D@std@@V?$allocator@D@2@@std@@V?$allocator@V?$basic_string@DU?$char_traits@D@std@@V?$allocator@D@2@@std@@@2@@std@@@7@@boost@@YA?AV?$bind_t@XV?$cmf2@XVGenerator@impl@@ABU?$pair@$$CBV?$basic_string@DU?$char_traits@D@std@@V?$allocator@D@2@@std@@VElement@impl@@@std@@AAV?$vector@V?$basic_string@DU?$char_traits@D@std@@V?$allocator@D@2@@std@@V?$allocator@V?$basic_string@DU?$char_traits@D@std@@V?$allocator@D@2@@std@@@2@@4@@_mfi@boost@@V?$list3@V?$value@PAVGenerator@impl@@@_bi@boost@@V?$arg@$00@3@V?$reference_wrapper@V?$vector@V?$basic_string@DU?$char_traits@D@std@@V?$allocator@D@2@@std@@V?$allocator@V?$basic_string@DU?$char_traits@D@std@@V?$allocator@D@2@@std@@@2@@std@@@3@@_bi@3@@_bi@0@P8Generator@impl@@BEXABU?$pair@$$CBV?$basic_string@DU?$char_traits@D@std@@V?$allocator@D@2@@std@@VElement@impl@@@std@@AAV?$vector@V?$basic_string@DU?$char_traits@D@std@@V?$allocator@D@2@@std@@V?$allocator@V?$basic_string@DU?$char_traits@D@std@@V?$allocator@D@2@@std@@@2@@6@@ZPAV34@V?$arg@$00@0@V?$reference_wrapper@V?$vector@V?$basic_string@DU?$char_traits@D@std@@V?$allocator@D@2@@std@@V?$allocator@V?$basic_string@DU?$char_traits@D@std@@V?$allocator@D@2@@std@@@2@@std@@@0@@Z 00409220 f i generate.obj
 0001:00008280       ??$bind@XVGenerator@impl@@ABV?$basic_string@DU?$char_traits@D@std@@V?$allocator@D@2@@std@@AAV?$basic_ostream@DU?$char_traits@D@std@@@4@ABV34@PBV12@V?$arg@$00@boost@@V?$reference_wrapper@V?$basic_ostream@DU?$char_traits@D@std@@@std@@@7@V?$reference_wrapper@$$CBV?$basic_string@DU?$char_traits@D@std@@V?$allocator@D@2@@std@@@7@@boost@@YA?AV?$bind_t@XV?$cmf3@XVGenerator@impl@@ABV?$basic_string@DU?$char_traits@D@std@@V?$allocator@D@2@@std@@AAV?$basic_ostream@DU?$char_traits@D@std@@@4@ABV34@@_mfi@boost@@V?$list4@V?$value@PBVGenerator@impl@@@_bi@boost@@V?$arg@$00@3@V?$reference_wrapper@V?$basic_ostream@DU?$char_traits@D@std@@@std@@@3@V?$reference_wrapper@$$CBV?$basic_string@DU?$char_traits@D@std@@V?$allocator@D@2@@std@@@3@@_bi@3@@_bi@0@P8Generator@impl@@BEXABV?$basic_string@DU?$char_traits@D@std@@V?$allocator@D@2@@std@@AAV?$basic_ostream@DU?$char_traits@D@std@@@6@0@ZPBV34@V?$arg@$00@0@V?$reference_wrapper@V?$basic_ostream@DU?$char_traits@D@std@@@std@@@0@V?$reference_wrapper@$$CBV?$basic_string@DU?$char_traits@D@std@@V?$allocator@D@2@@std@@@0@@Z 00409280 f i generate.obj
 0001:00008280       ??$bind@XVGenerator@impl@@ABV?$basic_string@DU?$char_traits@D@std@@V?$allocator@D@2@@std@@AAV?$vector@V?$basic_string@DU?$char_traits@D@std@@V?$allocator@D@2@@std@@V?$allocator@V?$basic_string@DU?$char_traits@D@std@@V?$allocator@D@2@@std@@@2@@4@ABV34@PBV12@V?$arg@$00@boost@@V?$reference_wrapper@V?$vector@V?$basic_string@DU?$char_traits@D@std@@V?$allocator@D@2@@std@@V?$allocator@V?$basic_string@DU?$char_traits@D@std@@V?$allocator@D@2@@std@@@2@@std@@@7@V?$reference_wrapper@$$CBV?$basic_string@DU?$char_traits@D@std@@V?$allocator@D@2@@std@@@7@@boost@@YA?AV?$bind_t@XV?$cmf3@XVGenerator@impl@@ABV?$basic_string@DU?$char_traits@D@std@@V?$allocator@D@2@@std@@AAV?$vector@V?$basic_string@DU?$char_traits@D@std@@V?$allocator@D@2@@std@@V?$allocator@V?$basic_string@DU?$char_traits@D@std@@V?$allocator@D@2@@std@@@2@@4@ABV34@@_mfi@boost@@V?$list4@V?$value@PBVGenerator@impl@@@_bi@boost@@V?$arg@$00@3@V?$reference_wrapper@V?$vector@V?$basic_string@DU?$char_traits@D@std@@V?$allocator@D@2@@std@@V?$allocator@V?$basic_string@DU?$char_traits@D@std@@V?$allocator@D@2@@std@@@2@@std@@@3@V?$reference_wrapper@$$CBV?$basic_string@DU?$char_traits@D@std@@V?$allocator@D@2@@std@@@3@@_bi@3@@_bi@0@P8Generator@impl@@BEXABV?$basic_string@DU?$char_traits@D@std@@V?$allocator@D@2@@std@@AAV?$vector@V?$basic_string@DU?$char_traits@D@std@@V?$allocator@D@2@@std@@V?$allocator@V?$basic_string@DU?$char_traits@D@std@@V?$allocator@D@2@@std@@@2@@6@0@ZPBV34@V?$arg@$00@0@V?$reference_wrapper@V?$vector@V?$basic_string@DU?$char_traits@D@std@@V?$allocator@D@2@@std@@V?$allocator@V?$basic_string@DU?$char_traits@D@std@@V?$allocator@D@2@@std@@@2@@std@@@0@V?$reference_wrapper@$$CBV?$basic_string@DU?$char_traits@D@std@@V?$allocator@D@2@@std@@@0@@Z 00409280 f i generate.obj
 0001:000082f0       ??$bind@XVGenerator@impl@@ABV?$basic_string@DU?$char_traits@D@std@@V?$allocator@D@2@@std@@AAV?$basic_ostream@DU?$char_traits@D@std@@@4@$$CBVconst_iterator@?$vector@V?$basic_string@DU?$char_traits@D@std@@V?$allocator@D@2@@std@@V?$allocator@V?$basic_string@DU?$char_traits@D@std@@V?$allocator@D@2@@std@@@2@@4@$$CBV674@PBV12@V?$arg@$00@boost@@V?$reference_wrapper@V?$basic_ostream@DU?$char_traits@D@std@@@std@@@9@V674@V674@@boost@@YA?AV?$bind_t@XV?$cmf4@XVGenerator@impl@@ABV?$basic_string@DU?$char_traits@D@std@@V?$allocator@D@2@@std@@AAV?$basic_ostream@DU?$char_traits@D@std@@@4@$$CBVconst_iterator@?$vector@V?$basic_string@DU?$char_traits@D@std@@V?$allocator@D@2@@std@@V?$allocator@V?$basic_string@DU?$char_traits@D@std@@V?$allocator@D@2@@std@@@2@@4@$$CBV674@@_mfi@boost@@V?$list5@V?$value@PBVGenerator@impl@@@_bi@boost@@V?$arg@$00@3@V?$reference_wrapper@V?$basic_ostream@DU?$char_traits@D@std@@@std@@@3@V?$value@Vconst_iterator@?$vector@V?$basic_string@DU?$char_traits@D@std@@V?$allocator@D@2@@std@@V?$allocator@V?$basic_string@DU?$char_traits@D@std@@V?$allocator@D@2@@std@@@2@@std@@@23@V623@@_bi@3@@_bi@0@P8Generator@impl@@BEXABV?$basic_string@DU?$char_traits@D@std@@V?$allocator@D@2@@std@@AAV?$basic_ostream@DU?$char_traits@D@std@@@6@Vconst_iterator@?$vector@V?$basic_string@DU?$char_traits@D@std@@V?$allocator@D@2@@std@@V?$allocator@V?$basic_string@DU?$char_traits@D@std@@V?$allocator@D@2@@std@@@2@@6@2@ZPBV34@V?$arg@$00@0@V?$reference_wrapper@V?$basic_ostream@DU?$char_traits@D@std@@@std@@@0@V896@7@Z 004092f0 f i generate.obj
 0001:00008380       ?_Inc@const_iterator@?$_Tree@V?$_Tmap_traits@V?$basic_string@DU?$char_traits@D@std@@V?$allocator@D@2@@std@@VElement@impl@@U?$less@V?$basic_string@DU?$char_traits@D@std@@V?$allocator@D@2@@std@@@2@V?$allocator@U?$pair@$$CBV?$basic_string@DU?$char_traits@D@std@@V?$allocator@D@2@@std@@VElement@impl@@@std@@@2@$0A@@std@@@std@@QAEXXZ 00409380 f i generate.obj
 0001:00008410       ??$?RV?$basic_string@DU?$char_traits@D@std@@V?$allocator@D@2@@std@@@?$bind_t@XV?$cmf2@XVGenerator@impl@@ABV?$basic_string@DU?$char_traits@D@std@@V?$allocator@D@2@@std@@AAV?$basic_ostream@DU?$char_traits@D@std@@@4@@_mfi@boost@@V?$list3@V?$value@PBVGenerator@impl@@@_bi@boost@@V?$arg@$00@3@V?$reference_wrapper@V?$basic_ostream@DU?$char_traits@D@std@@@std@@@3@@_bi@3@@_bi@boost@@QAEXAAV?$basic_string@DU?$char_traits@D@std@@V?$allocator@D@2@@std@@@Z 00409410 f i generate.obj
 0001:00008410       ??$?R$$CBV?$basic_string@DU?$char_traits@D@std@@V?$allocator@D@2@@std@@@?$bind_t@XV?$cmf2@XVGenerator@impl@@ABV?$basic_string@DU?$char_traits@D@std@@V?$allocator@D@2@@std@@AAV?$basic_ostream@DU?$char_traits@D@std@@@4@@_mfi@boost@@V?$list3@V?$value@PBVGenerator@impl@@@_bi@boost@@V?$arg@$00@3@V?$reference_wrapper@V?$basic_ostream@DU?$char_traits@D@std@@@std@@@3@@_bi@3@@_bi@boost@@QAEXABV?$basic_string@DU?$char_traits@D@std@@V?$allocator@D@2@@std@@@Z 00409410 f i generate.obj
 0001:00008410       ??$?R$$CBU?$pair@$$CBV?$basic_string@DU?$char_traits@D@std@@V?$allocator@D@2@@std@@VElement@impl@@@std@@@?$bind_t@XV?$cmf2@XVGenerator@impl@@ABU?$pair@$$CBV?$basic_string@DU?$char_traits@D@std@@V?$allocator@D@2@@std@@VElement@impl@@@std@@AAV?$vector@V?$basic_string@DU?$char_traits@D@std@@V?$allocator@D@2@@std@@V?$allocator@V?$basic_string@DU?$char_traits@D@std@@V?$allocator@D@2@@std@@@2@@4@@_mfi@boost@@V?$list3@V?$value@PAVGenerator@impl@@@_bi@boost@@V?$arg@$00@3@V?$reference_wrapper@V?$vector@V?$basic_string@DU?$char_traits@D@std@@V?$allocator@D@2@@std@@V?$allocator@V?$basic_string@DU?$char_traits@D@std@@V?$allocator@D@2@@std@@@2@@std@@@3@@_bi@3@@_bi@boost@@QAEXABU?$pair@$$CBV?$basic_string@DU?$char_traits@D@std@@V?$allocator@D@2@@std@@VElement@impl@@@std@@@Z 00409410 f i generate.obj
 0001:00008470       ??$_Sort@Viterator@?$vector@V?$basic_string@DU?$char_traits@D@std@@V?$allocator@D@2@@std@@V?$allocator@V?$basic_string@DU?$char_traits@D@std@@V?$allocator@D@2@@std@@@2@@std@@H@std@@YAXViterator@?$vector@V?$basic_string@DU?$char_traits@D@std@@V?$allocator@D@2@@std@@V?$allocator@V?$basic_string@DU?$char_traits@D@std@@V?$allocator@D@2@@std@@@2@@0@0H@Z 00409470 f i generate.obj
 0001:00008670       ??$?R$$CBV?$basic_string@DU?$char_traits@D@std@@V?$allocator@D@2@@std@@@?$bind_t@XV?$cmf3@XVGenerator@impl@@ABV?$basic_string@DU?$char_traits@D@std@@V?$allocator@D@2@@std@@AAV?$vector@V?$basic_string@DU?$char_traits@D@std@@V?$allocator@D@2@@std@@V?$allocator@V?$basic_string@DU?$char_traits@D@std@@V?$allocator@D@2@@std@@@2@@4@ABV34@@_mfi@boost@@V?$list4@V?$value@PBVGenerator@impl@@@_bi@boost@@V?$arg@$00@3@V?$reference_wrapper@V?$vector@V?$basic_string@DU?$char_traits@D@std@@V?$allocator@D@2@@std@@V?$allocator@V?$basic_string@DU?$char_traits@D@std@@V?$allocator@D@2@@std@@@2@@std@@@3@V?$reference_wrapper@$$CBV?$basic_string@DU?$char_traits@D@std@@V?$allocator@D@2@@std@@@3@@_bi@3@@_bi@boost@@QAEXABV?$basic_string@DU?$char_traits@D@std@@V?$allocator@D@2@@std@@@Z 00409670 f i generate.obj
 0001:00008670       ??$?R$$CBV?$basic_string@DU?$char_traits@D@std@@V?$allocator@D@2@@std@@@?$bind_t@XV?$cmf3@XVGenerator@impl@@ABV?$basic_string@DU?$char_traits@D@std@@V?$allocator@D@2@@std@@AAV?$basic_ostream@DU?$char_traits@D@std@@@4@ABV34@@_mfi@boost@@V?$list4@V?$value@PBVGenerator@impl@@@_bi@boost@@V?$arg@$00@3@V?$reference_wrapper@V?$basic_ostream@DU?$char_traits@D@std@@@std@@@3@V?$reference_wrapper@$$CBV?$basic_string@DU?$char_traits@D@std@@V?$allocator@D@2@@std@@@3@@_bi@3@@_bi@boost@@QAEXABV?$basic_string@DU?$char_traits@D@std@@V?$allocator@D@2@@std@@@Z 00409670 f i generate.obj
 0001:000086e0       ??$?R$$CBV?$basic_string@DU?$char_traits@D@std@@V?$allocator@D@2@@std@@@?$bind_t@XV?$cmf4@XVGenerator@impl@@ABV?$basic_string@DU?$char_traits@D@std@@V?$allocator@D@2@@std@@AAV?$basic_ostream@DU?$char_traits@D@std@@@4@$$CBVconst_iterator@?$vector@V?$basic_string@DU?$char_traits@D@std@@V?$allocator@D@2@@std@@V?$allocator@V?$basic_string@DU?$char_traits@D@std@@V?$allocator@D@2@@std@@@2@@4@$$CBV674@@_mfi@boost@@V?$list5@V?$value@PBVGenerator@impl@@@_bi@boost@@V?$arg@$00@3@V?$reference_wrapper@V?$basic_ostream@DU?$char_traits@D@std@@@std@@@3@V?$value@Vconst_iterator@?$vector@V?$basic_string@DU?$char_traits@D@std@@V?$allocator@D@2@@std@@V?$allocator@V?$basic_string@DU?$char_traits@D@std@@V?$allocator@D@2@@std@@@2@@std@@@23@V623@@_bi@3@@_bi@boost@@QAEXABV?$basic_string@DU?$char_traits@D@std@@V?$allocator@D@2@@std@@@Z 004096e0 f i generate.obj
 0001:00008760       ??$_Uninit_fill_n@PAV?$basic_string@DU?$char_traits@D@std@@V?$allocator@D@2@@std@@IV12@V?$allocator@V?$basic_string@DU?$char_traits@D@std@@V?$allocator@D@2@@std@@@2@@std@@YAXPAV?$basic_string@DU?$char_traits@D@std@@V?$allocator@D@2@@0@IABV10@AAV?$allocator@V?$basic_string@DU?$char_traits@D@std@@V?$allocator@D@2@@std@@@0@U_Nonscalar_ptr_iterator_tag@0@@Z 00409760 f i generate.obj
 0001:00008840       ??3@YAXPAX0@Z              00409840 f i generate.obj
 0001:00008850       ??$addressof@V?$basic_ostream@DU?$char_traits@D@std@@@std@@@boost@@YAPAV?$basic_ostream@DU?$char_traits@D@std@@@std@@AAV12@@Z 00409850 f i generate.obj
 0001:00008850       ??$addressof@V?$vector@V?$basic_string@DU?$char_traits@D@std@@V?$allocator@D@2@@std@@V?$allocator@V?$basic_string@DU?$char_traits@D@std@@V?$allocator@D@2@@std@@@2@@std@@@boost@@YAPAV?$vector@V?$basic_string@DU?$char_traits@D@std@@V?$allocator@D@2@@std@@V?$allocator@V?$basic_string@DU?$char_traits@D@std@@V?$allocator@D@2@@std@@@2@@std@@AAV12@@Z 00409850 f i generate.obj
 0001:00008850       ??$addressof@_N@boost@@YAPA_NAA_N@Z 00409850 f i xcg.obj
 0001:00008850       ??$get_pointer@VGenerator@impl@@@boost@@YAPAVGenerator@impl@@PAV12@@Z 00409850 f i generate.obj
 0001:00008850       ??$get_pointer@$$CBVGenerator@impl@@@boost@@YAPBVGenerator@impl@@PBV12@@Z 00409850 f i generate.obj
 0001:00008850       ??$addressof@$$CBV?$basic_string@DU?$char_traits@D@std@@V?$allocator@D@2@@std@@@boost@@YAPBV?$basic_string@DU?$char_traits@D@std@@V?$allocator@D@2@@std@@ABV12@@Z 00409850 f i generate.obj
 0001:00008860       ??$_Unguarded_partition@Viterator@?$vector@V?$basic_string@DU?$char_traits@D@std@@V?$allocator@D@2@@std@@V?$allocator@V?$basic_string@DU?$char_traits@D@std@@V?$allocator@D@2@@std@@@2@@std@@@std@@YA?AU?$pair@Viterator@?$vector@V?$basic_string@DU?$char_traits@D@std@@V?$allocator@D@2@@std@@V?$allocator@V?$basic_string@DU?$char_traits@D@std@@V?$allocator@D@2@@std@@@2@@std@@V123@@0@Viterator@?$vector@V?$basic_string@DU?$char_traits@D@std@@V?$allocator@D@2@@std@@V?$allocator@V?$basic_string@DU?$char_traits@D@std@@V?$allocator@D@2@@std@@@2@@0@0@Z 00409860 f i generate.obj
 0001:00008e00       ??$_Insertion_sort@Viterator@?$vector@V?$basic_string@DU?$char_traits@D@std@@V?$allocator@D@2@@std@@V?$allocator@V?$basic_string@DU?$char_traits@D@std@@V?$allocator@D@2@@std@@@2@@std@@@std@@YAXViterator@?$vector@V?$basic_string@DU?$char_traits@D@std@@V?$allocator@D@2@@std@@V?$allocator@V?$basic_string@DU?$char_traits@D@std@@V?$allocator@D@2@@std@@@2@@0@0@Z 00409e00 f i generate.obj
 0001:00008ff0       ??$?RXV?$cmf2@XVGenerator@impl@@ABV?$basic_string@DU?$char_traits@D@std@@V?$allocator@D@2@@std@@AAV?$basic_ostream@DU?$char_traits@D@std@@@4@@_mfi@boost@@V?$list1@ABV?$basic_string@DU?$char_traits@D@std@@V?$allocator@D@2@@std@@@_bi@2@@?$list3@V?$value@PBVGenerator@impl@@@_bi@boost@@V?$arg@$00@3@V?$reference_wrapper@V?$basic_ostream@DU?$char_traits@D@std@@@std@@@3@@_bi@boost@@QAEXV?$type@X@12@V?$cmf2@XVGenerator@impl@@ABV?$basic_string@DU?$char_traits@D@std@@V?$allocator@D@2@@std@@AAV?$basic_ostream@DU?$char_traits@D@std@@@4@@_mfi@2@AAV?$list1@ABV?$basic_string@DU?$char_traits@D@std@@V?$allocator@D@2@@std@@@12@@Z 00409ff0 f i generate.obj
 0001:00008ff0       ??$?RXV?$cmf2@XVGenerator@impl@@ABV?$basic_string@DU?$char_traits@D@std@@V?$allocator@D@2@@std@@AAV?$basic_ostream@DU?$char_traits@D@std@@@4@@_mfi@boost@@V?$list1@AAV?$basic_string@DU?$char_traits@D@std@@V?$allocator@D@2@@std@@@_bi@2@@?$list3@V?$value@PBVGenerator@impl@@@_bi@boost@@V?$arg@$00@3@V?$reference_wrapper@V?$basic_ostream@DU?$char_traits@D@std@@@std@@@3@@_bi@boost@@QAEXV?$type@X@12@V?$cmf2@XVGenerator@impl@@ABV?$basic_string@DU?$char_traits@D@std@@V?$allocator@D@2@@std@@AAV?$basic_ostream@DU?$char_traits@D@std@@@4@@_mfi@2@AAV?$list1@AAV?$basic_string@DU?$char_traits@D@std@@V?$allocator@D@2@@std@@@12@@Z 00409ff0 f i generate.obj
 0001:00009030       ??$?RXV?$cmf3@XVGenerator@impl@@ABV?$basic_string@DU?$char_traits@D@std@@V?$allocator@D@2@@std@@AAV?$vector@V?$basic_string@DU?$char_traits@D@std@@V?$allocator@D@2@@std@@V?$allocator@V?$basic_string@DU?$char_traits@D@std@@V?$allocator@D@2@@std@@@2@@4@ABV34@@_mfi@boost@@V?$list1@ABV?$basic_string@DU?$char_traits@D@std@@V?$allocator@D@2@@std@@@_bi@2@@?$list4@V?$value@PBVGenerator@impl@@@_bi@boost@@V?$arg@$00@3@V?$reference_wrapper@V?$vector@V?$basic_string@DU?$char_traits@D@std@@V?$allocator@D@2@@std@@V?$allocator@V?$basic_string@DU?$char_traits@D@std@@V?$allocator@D@2@@std@@@2@@std@@@3@V?$reference_wrapper@$$CBV?$basic_string@DU?$char_traits@D@std@@V?$allocator@D@2@@std@@@3@@_bi@boost@@QAEXV?$type@X@12@V?$cmf3@XVGenerator@impl@@ABV?$basic_string@DU?$char_traits@D@std@@V?$allocator@D@2@@std@@AAV?$vector@V?$basic_string@DU?$char_traits@D@std@@V?$allocator@D@2@@std@@V?$allocator@V?$basic_string@DU?$char_traits@D@std@@V?$allocator@D@2@@std@@@2@@4@ABV34@@_mfi@2@AAV?$list1@ABV?$basic_string@DU?$char_traits@D@std@@V?$allocator@D@2@@std@@@12@@Z 0040a030 f i generate.obj
 0001:00009030       ??$?RXV?$cmf3@XVGenerator@impl@@ABV?$basic_string@DU?$char_traits@D@std@@V?$allocator@D@2@@std@@AAV?$basic_ostream@DU?$char_traits@D@std@@@4@ABV34@@_mfi@boost@@V?$list1@ABV?$basic_string@DU?$char_traits@D@std@@V?$allocator@D@2@@std@@@_bi@2@@?$list4@V?$value@PBVGenerator@impl@@@_bi@boost@@V?$arg@$00@3@V?$reference_wrapper@V?$basic_ostream@DU?$char_traits@D@std@@@std@@@3@V?$reference_wrapper@$$CBV?$basic_string@DU?$char_traits@D@std@@V?$allocator@D@2@@std@@@3@@_bi@boost@@QAEXV?$type@X@12@V?$cmf3@XVGenerator@impl@@ABV?$basic_string@DU?$char_traits@D@std@@V?$allocator@D@2@@std@@AAV?$basic_ostream@DU?$char_traits@D@std@@@4@ABV34@@_mfi@2@AAV?$list1@ABV?$basic_string@DU?$char_traits@D@std@@V?$allocator@D@2@@std@@@12@@Z 0040a030 f i generate.obj
 0001:00009080       ??$_Uninit_copy@Vconst_iterator@?$vector@V?$basic_string@DU?$char_traits@D@std@@V?$allocator@D@2@@std@@V?$allocator@V?$basic_string@DU?$char_traits@D@std@@V?$allocator@D@2@@std@@@2@@std@@PAV?$basic_string@DU?$char_traits@D@std@@V?$allocator@D@2@@3@V?$allocator@V?$basic_string@DU?$char_traits@D@std@@V?$allocator@D@2@@std@@@3@@std@@YAPAV?$basic_string@DU?$char_traits@D@std@@V?$allocator@D@2@@0@Vconst_iterator@?$vector@V?$basic_string@DU?$char_traits@D@std@@V?$allocator@D@2@@std@@V?$allocator@V?$basic_string@DU?$char_traits@D@std@@V?$allocator@D@2@@std@@@2@@0@0PAV10@AAV?$allocator@V?$basic_string@DU?$char_traits@D@std@@V?$allocator@D@2@@std@@@0@U_Nonscalar_ptr_iterator_tag@0@@Z 0040a080 f i generate.obj
 0001:00009180       ??$_Uninit_copy@PAV?$basic_string@DU?$char_traits@D@std@@V?$allocator@D@2@@std@@PAV12@V?$allocator@V?$basic_string@DU?$char_traits@D@std@@V?$allocator@D@2@@std@@@2@@std@@YAPAV?$basic_string@DU?$char_traits@D@std@@V?$allocator@D@2@@0@PAV10@00AAV?$allocator@V?$basic_string@DU?$char_traits@D@std@@V?$allocator@D@2@@std@@@0@U_Nonscalar_ptr_iterator_tag@0@@Z 0040a180 f i generate.obj
 0001:00009260       ??$_Median@Viterator@?$vector@V?$basic_string@DU?$char_traits@D@std@@V?$allocator@D@2@@std@@V?$allocator@V?$basic_string@DU?$char_traits@D@std@@V?$allocator@D@2@@std@@@2@@std@@@std@@YAXViterator@?$vector@V?$basic_string@DU?$char_traits@D@std@@V?$allocator@D@2@@std@@V?$allocator@V?$basic_string@DU?$char_traits@D@std@@V?$allocator@D@2@@std@@@2@@0@00@Z 0040a260 f i generate.obj
 0001:00009410       ??$_Make_heap@Viterator@?$vector@V?$basic_string@DU?$char_traits@D@std@@V?$allocator@D@2@@std@@V?$allocator@V?$basic_string@DU?$char_traits@D@std@@V?$allocator@D@2@@std@@@2@@std@@HV?$basic_string@DU?$char_traits@D@std@@V?$allocator@D@2@@3@@std@@YAXViterator@?$vector@V?$basic_string@DU?$char_traits@D@std@@V?$allocator@D@2@@std@@V?$allocator@V?$basic_string@DU?$char_traits@D@std@@V?$allocator@D@2@@std@@@2@@0@0PAHPAV?$basic_string@DU?$char_traits@D@std@@V?$allocator@D@2@@0@@Z 0040a410 f i generate.obj
 0001:000094a0       ??$_Med3@Viterator@?$vector@V?$basic_string@DU?$char_traits@D@std@@V?$allocator@D@2@@std@@V?$allocator@V?$basic_string@DU?$char_traits@D@std@@V?$allocator@D@2@@std@@@2@@std@@@std@@YAXViterator@?$vector@V?$basic_string@DU?$char_traits@D@std@@V?$allocator@D@2@@std@@V?$allocator@V?$basic_string@DU?$char_traits@D@std@@V?$allocator@D@2@@std@@@2@@0@00@Z 0040a4a0 f i generate.obj
 0001:00009570       ??$_Adjust_heap@Viterator@?$vector@V?$basic_string@DU?$char_traits@D@std@@V?$allocator@D@2@@std@@V?$allocator@V?$basic_string@DU?$char_traits@D@std@@V?$allocator@D@2@@std@@@2@@std@@HV?$basic_string@DU?$char_traits@D@std@@V?$allocator@D@2@@3@@std@@YAXViterator@?$vector@V?$basic_string@DU?$char_traits@D@std@@V?$allocator@D@2@@std@@V?$allocator@V?$basic_string@DU?$char_traits@D@std@@V?$allocator@D@2@@std@@@2@@0@HHV?$basic_string@DU?$char_traits@D@std@@V?$allocator@D@2@@0@@Z 0040a570 f i generate.obj
 0001:000096f0       ??$_Pop_heap_0@Viterator@?$vector@V?$basic_string@DU?$char_traits@D@std@@V?$allocator@D@2@@std@@V?$allocator@V?$basic_string@DU?$char_traits@D@std@@V?$allocator@D@2@@std@@@2@@std@@V?$basic_string@DU?$char_traits@D@std@@V?$allocator@D@2@@3@@std@@YAXViterator@?$vector@V?$basic_string@DU?$char_traits@D@std@@V?$allocator@D@2@@std@@V?$allocator@V?$basic_string@DU?$char_traits@D@std@@V?$allocator@D@2@@std@@@2@@0@0PAV?$basic_string@DU?$char_traits@D@std@@V?$allocator@D@2@@0@@Z 0040a6f0 f i generate.obj
 0001:00009830       ??$_Push_heap@Viterator@?$vector@V?$basic_string@DU?$char_traits@D@std@@V?$allocator@D@2@@std@@V?$allocator@V?$basic_string@DU?$char_traits@D@std@@V?$allocator@D@2@@std@@@2@@std@@HV?$basic_string@DU?$char_traits@D@std@@V?$allocator@D@2@@3@@std@@YAXViterator@?$vector@V?$basic_string@DU?$char_traits@D@std@@V?$allocator@D@2@@std@@V?$allocator@V?$basic_string@DU?$char_traits@D@std@@V?$allocator@D@2@@std@@@2@@0@HHV?$basic_string@DU?$char_traits@D@std@@V?$allocator@D@2@@0@@Z 0040a830 f i generate.obj
 0001:00009940       ??$_Rotate@Viterator@?$vector@V?$basic_string@DU?$char_traits@D@std@@V?$allocator@D@2@@std@@V?$allocator@V?$basic_string@DU?$char_traits@D@std@@V?$allocator@D@2@@std@@@2@@std@@HV?$basic_string@DU?$char_traits@D@std@@V?$allocator@D@2@@3@@std@@YAXViterator@?$vector@V?$basic_string@DU?$char_traits@D@std@@V?$allocator@D@2@@std@@V?$allocator@V?$basic_string@DU?$char_traits@D@std@@V?$allocator@D@2@@std@@@2@@0@00PAHPAV?$basic_string@DU?$char_traits@D@std@@V?$allocator@D@2@@0@@Z 0040a940 f i generate.obj
 0001:00009b80       ??0Parser@impl@@QAE@PBDAAV?$map@V?$basic_string@DU?$char_traits@D@std@@V?$allocator@D@2@@std@@VElement@impl@@U?$less@V?$basic_string@DU?$char_traits@D@std@@V?$allocator@D@2@@std@@@2@V?$allocator@U?$pair@$$CBV?$basic_string@DU?$char_traits@D@std@@V?$allocator@D@2@@std@@VElement@impl@@@std@@@2@@std@@AAV?$basic_string@DU?$char_traits@D@std@@V?$allocator@D@2@@3@AA_N@Z 0040ab80 f   parse.obj
 0001:00009c80       ?recurse@Parser@impl@@AAEXPAU_xmlNode@@@Z 0040ac80 f   parse.obj
 0001:0000a210       ??0Element@impl@@QAE@ABV01@@Z 0040b210 f i parse.obj
 0001:0000a2c0       ??1Element@impl@@QAE@XZ    0040b2c0 f i parse.obj
 0001:0000a310       ??1?$pair@PBDVElement@impl@@@std@@QAE@XZ 0040b310 f i parse.obj
 0001:0000a370       ??1?$pair@$$CBV?$basic_string@DU?$char_traits@D@std@@V?$allocator@D@2@@std@@VElement@impl@@@std@@QAE@XZ 0040b370 f i parse.obj
 0001:0000a3e0       ??0?$vector@V?$basic_string@DU?$char_traits@D@std@@V?$allocator@D@2@@std@@V?$allocator@V?$basic_string@DU?$char_traits@D@std@@V?$allocator@D@2@@std@@@2@@std@@QAE@XZ 0040b3e0 f i parse.obj
 0001:0000a400       ??4?$vector@V?$basic_string@DU?$char_traits@D@std@@V?$allocator@D@2@@std@@V?$allocator@V?$basic_string@DU?$char_traits@D@std@@V?$allocator@D@2@@std@@@2@@std@@QAEAAV01@ABV01@@Z 0040b400 f i parse.obj
 0001:0000a8e0       ??A?$map@V?$basic_string@DU?$char_traits@D@std@@V?$allocator@D@2@@std@@VElement@impl@@U?$less@V?$basic_string@DU?$char_traits@D@std@@V?$allocator@D@2@@std@@@2@V?$allocator@U?$pair@$$CBV?$basic_string@DU?$char_traits@D@std@@V?$allocator@D@2@@std@@VElement@impl@@@std@@@2@@std@@QAEAAVElement@impl@@ABV?$basic_string@DU?$char_traits@D@std@@V?$allocator@D@2@@1@@Z 0040b8e0 f i parse.obj
 0001:0000aaa0       ??4Element@impl@@QAEAAV01@ABV01@@Z 0040baa0 f i parse.obj
 0001:0000aaf0       ?insert@?$_Tree@V?$_Tmap_traits@V?$basic_string@DU?$char_traits@D@std@@V?$allocator@D@2@@std@@VElement@impl@@U?$less@V?$basic_string@DU?$char_traits@D@std@@V?$allocator@D@2@@std@@@2@V?$allocator@U?$pair@$$CBV?$basic_string@DU?$char_traits@D@std@@V?$allocator@D@2@@std@@VElement@impl@@@std@@@2@$0A@@std@@@std@@QAE?AU?$pair@Viterator@?$_Tree@V?$_Tmap_traits@V?$basic_string@DU?$char_traits@D@std@@V?$allocator@D@2@@std@@VElement@impl@@U?$less@V?$basic_string@DU?$char_traits@D@std@@V?$allocator@D@2@@std@@@2@V?$allocator@U?$pair@$$CBV?$basic_string@DU?$char_traits@D@std@@V?$allocator@D@2@@std@@VElement@impl@@@std@@@2@$0A@@std@@@std@@_N@2@ABU?$pair@$$CBV?$basic_string@DU?$char_traits@D@std@@V?$allocator@D@2@@std@@VElement@impl@@@2@@Z 0040baf0 f i parse.obj
 0001:0000ac90       ?insert@?$_Tree@V?$_Tmap_traits@V?$basic_string@DU?$char_traits@D@std@@V?$allocator@D@2@@std@@VElement@impl@@U?$less@V?$basic_string@DU?$char_traits@D@std@@V?$allocator@D@2@@std@@@2@V?$allocator@U?$pair@$$CBV?$basic_string@DU?$char_traits@D@std@@V?$allocator@D@2@@std@@VElement@impl@@@std@@@2@$0A@@std@@@std@@QAE?AViterator@12@V312@ABU?$pair@$$CBV?$basic_string@DU?$char_traits@D@std@@V?$allocator@D@2@@std@@VElement@impl@@@2@@Z 0040bc90 f i parse.obj
 0001:0000b1c0       ?_Insert@?$_Tree@V?$_Tmap_traits@V?$basic_string@DU?$char_traits@D@std@@V?$allocator@D@2@@std@@VElement@impl@@U?$less@V?$basic_string@DU?$char_traits@D@std@@V?$allocator@D@2@@std@@@2@V?$allocator@U?$pair@$$CBV?$basic_string@DU?$char_traits@D@std@@V?$allocator@D@2@@std@@VElement@impl@@@std@@@2@$0A@@std@@@std@@IAE?AViterator@12@_NPAU_Node@?$_Tree_nod@V?$_Tmap_traits@V?$basic_string@DU?$char_traits@D@std@@V?$allocator@D@2@@std@@VElement@impl@@U?$less@V?$basic_string@DU?$char_traits@D@std@@V?$allocator@D@2@@std@@@2@V?$allocator@U?$pair@$$CBV?$basic_string@DU?$char_traits@D@std@@V?$allocator@D@2@@std@@VElement@impl@@@std@@@2@$0A@@std@@@2@ABU?$pair@$$CBV?$basic_string@DU?$char_traits@D@std@@V?$allocator@D@2@@std@@VElement@impl@@@2@@Z 0040c1c0 f i parse.obj
 0001:0000b4f0       ??0logic_error@std@@QAE@ABV?$basic_string@DU?$char_traits@D@std@@V?$allocator@D@2@@1@@Z 0040c4f0 f i parse.obj
 0001:0000b550       ?_Lrotate@?$_Tree@V?$_Tmap_traits@V?$basic_string@DU?$char_traits@D@std@@V?$allocator@D@2@@std@@VElement@impl@@U?$less@V?$basic_string@DU?$char_traits@D@std@@V?$allocator@D@2@@std@@@2@V?$allocator@U?$pair@$$CBV?$basic_string@DU?$char_traits@D@std@@V?$allocator@D@2@@std@@VElement@impl@@@std@@@2@$0A@@std@@@std@@IAEXPAU_Node@?$_Tree_nod@V?$_Tmap_traits@V?$basic_string@DU?$char_traits@D@std@@V?$allocator@D@2@@std@@VElement@impl@@U?$less@V?$basic_string@DU?$char_traits@D@std@@V?$allocator@D@2@@std@@@2@V?$allocator@U?$pair@$$CBV?$basic_string@DU?$char_traits@D@std@@V?$allocator@D@2@@std@@VElement@impl@@@std@@@2@$0A@@std@@@2@@Z 0040c550 f i parse.obj
 0001:0000b600       ?_Rrotate@?$_Tree@V?$_Tmap_traits@V?$basic_string@DU?$char_traits@D@std@@V?$allocator@D@2@@std@@VElement@impl@@U?$less@V?$basic_string@DU?$char_traits@D@std@@V?$allocator@D@2@@std@@@2@V?$allocator@U?$pair@$$CBV?$basic_string@DU?$char_traits@D@std@@V?$allocator@D@2@@std@@VElement@impl@@@std@@@2@$0A@@std@@@std@@IAEXPAU_Node@?$_Tree_nod@V?$_Tmap_traits@V?$basic_string@DU?$char_traits@D@std@@V?$allocator@D@2@@std@@VElement@impl@@U?$less@V?$basic_string@DU?$char_traits@D@std@@V?$allocator@D@2@@std@@@2@V?$allocator@U?$pair@$$CBV?$basic_string@DU?$char_traits@D@std@@V?$allocator@D@2@@std@@VElement@impl@@@std@@@2@$0A@@std@@@2@@Z 0040c600 f i parse.obj
 0001:0000b6b0       ?_Buynode@?$_Tree@V?$_Tmap_traits@V?$basic_string@DU?$char_traits@D@std@@V?$allocator@D@2@@std@@VElement@impl@@U?$less@V?$basic_string@DU?$char_traits@D@std@@V?$allocator@D@2@@std@@@2@V?$allocator@U?$pair@$$CBV?$basic_string@DU?$char_traits@D@std@@V?$allocator@D@2@@std@@VElement@impl@@@std@@@2@$0A@@std@@@std@@IAEPAU_Node@?$_Tree_nod@V?$_Tmap_traits@V?$basic_string@DU?$char_traits@D@std@@V?$allocator@D@2@@std@@VElement@impl@@U?$less@V?$basic_string@DU?$char_traits@D@std@@V?$allocator@D@2@@std@@@2@V?$allocator@U?$pair@$$CBV?$basic_string@DU?$char_traits@D@std@@V?$allocator@D@2@@std@@VElement@impl@@@std@@@2@$0A@@std@@@2@PAU342@00ABU?$pair@$$CBV?$basic_string@DU?$char_traits@D@std@@V?$allocator@D@2@@std@@VElement@impl@@@2@D@Z 0040c6b0 f i parse.obj
 0001:0000b7b0       ?_Dec@const_iterator@?$_Tree@V?$_Tmap_traits@V?$basic_string@DU?$char_traits@D@std@@V?$allocator@D@2@@std@@VElement@impl@@U?$less@V?$basic_string@DU?$char_traits@D@std@@V?$allocator@D@2@@std@@@2@V?$allocator@U?$pair@$$CBV?$basic_string@DU?$char_traits@D@std@@V?$allocator@D@2@@std@@VElement@impl@@@std@@@2@$0A@@std@@@std@@QAEXXZ 0040c7b0 f i parse.obj
 0001:0000b870       ??$make_pair@PBDVElement@impl@@@std@@YA?AU?$pair@PBDVElement@impl@@@0@PBDVElement@impl@@@Z 0040c870 f i parse.obj
 0001:0000b8f0       ?exists@?A0x1c9f50f5@@YAXABV?$basic_string@DU?$char_traits@D@std@@V?$allocator@D@2@@std@@AA_N@Z 0040c8f0 f   xcg.obj
 0001:0000ba10       ??1path@filesystem@boost@@QAE@XZ 0040ca10 f i xcg.obj
 0001:0000ba30       ?generate@?A0x1c9f50f5@@YAXABV?$basic_string@DU?$char_traits@D@std@@V?$allocator@D@2@@std@@AA_N@Z 0040ca30 f   xcg.obj
 0001:0000bb20       ?str_dir@impl@@YA?AV?$basic_string@DU?$char_traits@D@std@@V?$allocator@D@2@@std@@PBD@Z 0040cb20 f i xcg.obj
 0001:0000bbe0       ?str_lower@impl@@YAAAV?$basic_string@DU?$char_traits@D@std@@V?$allocator@D@2@@std@@AAV23@@Z 0040cbe0 f i xcg.obj
 0001:0000bca0       ??1?$map@V?$basic_string@DU?$char_traits@D@std@@V?$allocator@D@2@@std@@VElement@impl@@U?$less@V?$basic_string@DU?$char_traits@D@std@@V?$allocator@D@2@@std@@@2@V?$allocator@U?$pair@$$CBV?$basic_string@DU?$char_traits@D@std@@V?$allocator@D@2@@std@@VElement@impl@@@std@@@2@@std@@QAE@XZ 0040cca0 f i xcg.obj
 0001:0000bcc0       ?makedir@?A0x1c9f50f5@@YAXABV?$basic_string@DU?$char_traits@D@std@@V?$allocator@D@2@@std@@AA_N@Z 0040ccc0 f   xcg.obj
 0001:0000bf50       ??0Operation@?A0x1c9f50f5@@QAE@HPAPBD@Z 0040cf50 f   xcg.obj
 0001:0000c210       ?abort@Operation@?A0x1c9f50f5@@QBE_NXZ 0040d210 f   xcg.obj
 0001:0000c220       ?generate@Operation@?A0x1c9f50f5@@AAEXHPAPBDAAH@Z 0040d220 f   xcg.obj
 0001:0000c2d0       ?write_default@Operation@?A0x1c9f50f5@@AAEXHPAPBDAAH@Z 0040d2d0 f   xcg.obj
 0001:0000c450       _main                      0040d450 f   xcg.obj
 0001:0000ca00       ??1Operation@?A0x1c9f50f5@@QAE@XZ 0040da00 f i xcg.obj
 0001:0000ca20       ??0?$map@V?$basic_string@DU?$char_traits@D@std@@V?$allocator@D@2@@std@@VElement@impl@@U?$less@V?$basic_string@DU?$char_traits@D@std@@V?$allocator@D@2@@std@@@2@V?$allocator@U?$pair@$$CBV?$basic_string@DU?$char_traits@D@std@@V?$allocator@D@2@@std@@VElement@impl@@@std@@@2@@std@@QAE@XZ 0040da20 f i xcg.obj
 0001:0000ca40       ?_Tidy@?$_Tree@V?$_Tmap_traits@V?$basic_string@DU?$char_traits@D@std@@V?$allocator@D@2@@std@@VElement@impl@@U?$less@V?$basic_string@DU?$char_traits@D@std@@V?$allocator@D@2@@std@@@2@V?$allocator@U?$pair@$$CBV?$basic_string@DU?$char_traits@D@std@@V?$allocator@D@2@@std@@VElement@impl@@@std@@@2@$0A@@std@@@std@@IAEXXZ 0040da40 f i xcg.obj
 0001:0000cac0       ?erase@?$_Tree@V?$_Tmap_traits@V?$basic_string@DU?$char_traits@D@std@@V?$allocator@D@2@@std@@VElement@impl@@U?$less@V?$basic_string@DU?$char_traits@D@std@@V?$allocator@D@2@@std@@@2@V?$allocator@U?$pair@$$CBV?$basic_string@DU?$char_traits@D@std@@V?$allocator@D@2@@std@@VElement@impl@@@std@@@2@$0A@@std@@@std@@QAE?AViterator@12@V312@0@Z 0040dac0 f i xcg.obj
 0001:0000cb90       ?_Init@?$_Tree@V?$_Tmap_traits@V?$basic_string@DU?$char_traits@D@std@@V?$allocator@D@2@@std@@VElement@impl@@U?$less@V?$basic_string@DU?$char_traits@D@std@@V?$allocator@D@2@@std@@@2@V?$allocator@U?$pair@$$CBV?$basic_string@DU?$char_traits@D@std@@V?$allocator@D@2@@std@@VElement@impl@@@std@@@2@$0A@@std@@@std@@IAEXXZ 0040db90 f i xcg.obj
 0001:0000cc00       ?erase@?$_Tree@V?$_Tmap_traits@V?$basic_string@DU?$char_traits@D@std@@V?$allocator@D@2@@std@@VElement@impl@@U?$less@V?$basic_string@DU?$char_traits@D@std@@V?$allocator@D@2@@std@@@2@V?$allocator@U?$pair@$$CBV?$basic_string@DU?$char_traits@D@std@@V?$allocator@D@2@@std@@VElement@impl@@@std@@@2@$0A@@std@@@std@@QAE?AViterator@12@V312@@Z 0040dc00 f i xcg.obj
 0001:0000d170       ??1out_of_range@std@@UAE@XZ 0040e170 f i xcg.obj
 0001:0000d1d0       ??_Gout_of_range@std@@UAEPAXI@Z 0040e1d0 f i xcg.obj
 0001:0000d1d0       ??_Eout_of_range@std@@UAEPAXI@Z 0040e1d0 f i xcg.obj
 0001:0000d200       ?clear@?$_Tree@V?$_Tmap_traits@V?$basic_string@DU?$char_traits@D@std@@V?$allocator@D@2@@std@@VElement@impl@@U?$less@V?$basic_string@DU?$char_traits@D@std@@V?$allocator@D@2@@std@@@2@V?$allocator@U?$pair@$$CBV?$basic_string@DU?$char_traits@D@std@@V?$allocator@D@2@@std@@VElement@impl@@@std@@@2@$0A@@std@@@std@@QAEXXZ 0040e200 f i xcg.obj
 0001:0000d260       ?_Buynode@?$_Tree@V?$_Tmap_traits@V?$basic_string@DU?$char_traits@D@std@@V?$allocator@D@2@@std@@VElement@impl@@U?$less@V?$basic_string@DU?$char_traits@D@std@@V?$allocator@D@2@@std@@@2@V?$allocator@U?$pair@$$CBV?$basic_string@DU?$char_traits@D@std@@V?$allocator@D@2@@std@@VElement@impl@@@std@@@2@$0A@@std@@@std@@IAEPAU_Node@?$_Tree_nod@V?$_Tmap_traits@V?$basic_string@DU?$char_traits@D@std@@V?$allocator@D@2@@std@@VElement@impl@@U?$less@V?$basic_string@DU?$char_traits@D@std@@V?$allocator@D@2@@std@@@2@V?$allocator@U?$pair@$$CBV?$basic_string@DU?$char_traits@D@std@@V?$allocator@D@2@@std@@VElement@impl@@@std@@@2@$0A@@std@@@2@XZ 0040e260 f i xcg.obj
 0001:0000d380       ??0out_of_range@std@@QAE@ABV01@@Z 0040e380 f i xcg.obj
 0001:0000d3f0       ?_Erase@?$_Tree@V?$_Tmap_traits@V?$basic_string@DU?$char_traits@D@std@@V?$allocator@D@2@@std@@VElement@impl@@U?$less@V?$basic_string@DU?$char_traits@D@std@@V?$allocator@D@2@@std@@@2@V?$allocator@U?$pair@$$CBV?$basic_string@DU?$char_traits@D@std@@V?$allocator@D@2@@std@@VElement@impl@@@std@@@2@$0A@@std@@@std@@IAEXPAU_Node@?$_Tree_nod@V?$_Tmap_traits@V?$basic_string@DU?$char_traits@D@std@@V?$allocator@D@2@@std@@VElement@impl@@U?$less@V?$basic_string@DU?$char_traits@D@std@@V?$allocator@D@2@@std@@@2@V?$allocator@U?$pair@$$CBV?$basic_string@DU?$char_traits@D@std@@V?$allocator@D@2@@std@@VElement@impl@@@std@@@2@$0A@@std@@@2@@Z 0040e3f0 f i xcg.obj
 0001:0000d460       ??$bind@XABV?$basic_string@DU?$char_traits@D@std@@V?$allocator@D@2@@std@@AA_NV?$arg@$00@boost@@V?$reference_wrapper@_N@4@@boost@@YA?AV?$bind_t@XP6AXABV?$basic_string@DU?$char_traits@D@std@@V?$allocator@D@2@@std@@AA_N@ZV?$list2@V?$arg@$00@boost@@V?$reference_wrapper@_N@2@@_bi@boost@@@_bi@0@P6AXABV?$basic_string@DU?$char_traits@D@std@@V?$allocator@D@2@@std@@AA_N@ZV?$arg@$00@0@V?$reference_wrapper@_N@0@@Z 0040e460 f i xcg.obj
 0001:0000d490       ??1_Node@?$_Tree_nod@V?$_Tmap_traits@V?$basic_string@DU?$char_traits@D@std@@V?$allocator@D@2@@std@@VElement@impl@@U?$less@V?$basic_string@DU?$char_traits@D@std@@V?$allocator@D@2@@std@@@2@V?$allocator@U?$pair@$$CBV?$basic_string@DU?$char_traits@D@std@@V?$allocator@D@2@@std@@VElement@impl@@@std@@@2@$0A@@std@@@std@@QAE@XZ 0040e490 f i xcg.obj
 0001:0000d500       ??$?R$$CBV?$basic_string@DU?$char_traits@D@std@@V?$allocator@D@2@@std@@@?$bind_t@XP6AXABV?$basic_string@DU?$char_traits@D@std@@V?$allocator@D@2@@std@@AA_N@ZV?$list2@V?$arg@$00@boost@@V?$reference_wrapper@_N@2@@_bi@boost@@@_bi@boost@@QAEXABV?$basic_string@DU?$char_traits@D@std@@V?$allocator@D@2@@std@@@Z 0040e500 f i xcg.obj
 0001:0000d540       ??$?RXP6AXABV?$basic_string@DU?$char_traits@D@std@@V?$allocator@D@2@@std@@AA_N@ZV?$list1@ABV?$basic_string@DU?$char_traits@D@std@@V?$allocator@D@2@@std@@@_bi@boost@@@?$list2@V?$arg@$00@boost@@V?$reference_wrapper@_N@2@@_bi@boost@@QAEXV?$type@X@12@P6AXABV?$basic_string@DU?$char_traits@D@std@@V?$allocator@D@2@@std@@AA_N@ZAAV?$list1@ABV?$basic_string@DU?$char_traits@D@std@@V?$allocator@D@2@@std@@@12@@Z 0040e540 f i xcg.obj
 0001:0000d56e       _xmlFreeDoc                0040e56e f   libxml2:libxml2.dll
 0001:0000d574       _xmlDocGetRootElement      0040e574 f   libxml2:libxml2.dll
 0001:0000d57a       _xmlParseFile              0040e57a f   libxml2:libxml2.dll
 0001:0000d580       ??2@YAPAXI@Z               0040e580 f   msvcprt:newop_s.obj
 0001:0000d5a6       ___CxxFrameHandler         0040e5a6 f   MSVCRT:MSVCR71.dll
 0001:0000d5b0       __CxxThrowException@8      0040e5b0 f   MSVCRT:MSVCR71.dll
 0001:0000d5b6       ??0exception@@QAE@ABV0@@Z  0040e5b6 f   MSVCRT:MSVCR71.dll
 0001:0000d5bc       ??0bad_cast@@QAE@ABV0@@Z   0040e5bc f   MSVCRT:MSVCR71.dll
 0001:0000d5c2       ??_Etype_info@@UAEPAXI@Z   0040e5c2 f i MSVCRT:ti_inst.obj
 0001:0000d60e       ??1bad_cast@@UAE@XZ        0040e60e f   MSVCRT:MSVCR71.dll
 0001:0000d614       ??3@YAXPAX@Z               0040e614 f   MSVCRT:MSVCR71.dll
 0001:0000d61a       _mainCRTStartup            0040e61a f   MSVCRT:crtexe.obj
 0001:0000d7b2       _malloc                    0040e7b2 f   MSVCRT:MSVCR71.dll
 0001:0000d7b8       __callnewh                 0040e7b8 f   MSVCRT:MSVCR71.dll
 0001:0000d7be       ?__ArrayUnwind@@YGXPAXIHP6EX0@Z@Z 0040e7be f   MSVCRT:ehvecdtr.obj
 0001:0000d81c       ??_M@YGXPAXIHP6EX0@Z@Z     0040e81c f   MSVCRT:ehvecdtr.obj
 0001:0000d87c       ??1type_info@@UAE@XZ       0040e87c f   MSVCRT:MSVCR71.dll
 0001:0000d882       __XcptFilter               0040e882 f   MSVCRT:MSVCR71.dll
 0001:0000d888       __amsg_exit                0040e888 f   MSVCRT:MSVCR71.dll
 0001:0000d88e       __onexit                   0040e88e f   MSVCRT:atonexit.obj
 0001:0000d8b4       _atexit                    0040e8b4 f   MSVCRT:atonexit.obj
 0001:0000d8c6       __RTC_Initialize           0040e8c6 f   MSVCRT:initsect.obj
 0001:0000d90a       __RTC_Terminate            0040e90a f   MSVCRT:initsect.obj
 0001:0000d94e       __initterm                 0040e94e f   MSVCRT:MSVCR71.dll
 0001:0000d954       __setdefaultprecision      0040e954 f   MSVCRT:fp8.obj
 0001:0000d966       __setargv                  0040e966 f   MSVCRT:dllargv.obj
 0001:0000d966       __matherr                  0040e966 f   MSVCRT:merr.obj
 0001:0000d96c       __SEH_prolog               0040e96c f   MSVCRT:sehprolg.obj
 0001:0000d9a7       __SEH_epilog               0040e9a7 f   MSVCRT:sehprolg.obj
 0001:0000d9b8       __except_handler3          0040e9b8 f   MSVCRT:MSVCR71.dll
 0001:0000d9be       ?terminate@@YAXXZ          0040e9be f   MSVCRT:MSVCR71.dll
 0001:0000d9c4       ___dllonexit               0040e9c4 f   MSVCRT:MSVCR71.dll
 0001:0000d9ca       __controlfp                0040e9ca f   MSVCRT:MSVCR71.dll
 0001:0000d9d0       ??0path@filesystem@boost@@QAE@XZ 0040e9d0 f i libboost_filesystem-vc71-mt-1_31:operations_posix_windows.obj
 0001:0000d9e0       ??0scoped_lock@lightweight_mutex@detail@boost@@QAE@AAV123@@Z 0040e9e0 f i libboost_filesystem-vc71-mt-1_31:operations_posix_windows.obj
 0001:0000da20       ?destruct@sp_counted_base@detail@boost@@UAEXXZ 0040ea20 f i libboost_filesystem-vc71-mt-1_31:operations_posix_windows.obj
 0001:0000da30       ??_Gsp_counted_base@detail@boost@@UAEPAXI@Z 0040ea30 f i libboost_filesystem-vc71-mt-1_31:operations_posix_windows.obj
 0001:0000da30       ??_Esp_counted_base@detail@boost@@UAEPAXI@Z 0040ea30 f i libboost_filesystem-vc71-mt-1_31:operations_posix_windows.obj
 0001:0000da50       ?exists@filesystem@boost@@YA_NABVpath@12@@Z 0040ea50 f   libboost_filesystem-vc71-mt-1_31:operations_posix_windows.obj
 0001:0000da90       ?release@sp_counted_base@detail@boost@@QAEXXZ 0040ea90 f i libboost_filesystem-vc71-mt-1_31:operations_posix_windows.obj
 0001:0000db00       ??1directory_iterator@filesystem@boost@@QAE@XZ 0040eb00 f i libboost_filesystem-vc71-mt-1_31:operations_posix_windows.obj
 0001:0000db00       ??1?$shared_ptr@Vm_imp@filesystem_error@filesystem@boost@@@boost@@QAE@XZ 0040eb00 f i libboost_filesystem-vc71-mt-1_31:operations_posix_windows.obj
 0001:0000db10       ??0directory_iterator@filesystem@boost@@QAE@XZ 0040eb10 f i libboost_filesystem-vc71-mt-1_31:operations_posix_windows.obj
 0001:0000db20       ??0filesystem_error@filesystem@boost@@QAE@ABV012@@Z 0040eb20 f i libboost_filesystem-vc71-mt-1_31:operations_posix_windows.obj
 0001:0000db80       ??_Efilesystem_error@filesystem@boost@@UAEPAXI@Z 0040eb80 f i libboost_filesystem-vc71-mt-1_31:operations_posix_windows.obj
 0001:0000db80       ??_Gfilesystem_error@filesystem@boost@@UAEPAXI@Z 0040eb80 f i libboost_filesystem-vc71-mt-1_31:operations_posix_windows.obj
 0001:0000dba0       ??$throw_exception@Vfilesystem_error@filesystem@boost@@@boost@@YAXABVfilesystem_error@filesystem@0@@Z 0040eba0 f i libboost_filesystem-vc71-mt-1_31:operations_posix_windows.obj
 0001:0000dbd0       ?is_directory@filesystem@boost@@YA_NABVpath@12@@Z 0040ebd0 f   libboost_filesystem-vc71-mt-1_31:operations_posix_windows.obj
 0001:0000dc70       ?create_directory@filesystem@boost@@YAXABVpath@12@@Z 0040ec70 f   libboost_filesystem-vc71-mt-1_31:operations_posix_windows.obj
 0001:0000dd10       ?no_check@filesystem@boost@@YA_NABV?$basic_string@DU?$char_traits@D@std@@V?$allocator@D@2@@std@@@Z 0040ed10 f   libboost_filesystem-vc71-mt-1_31:path_posix_windows.obj
 0001:0000dd20       ?portable_posix_name@filesystem@boost@@YA_NABV?$basic_string@DU?$char_traits@D@std@@V?$allocator@D@2@@std@@@Z 0040ed20 f   libboost_filesystem-vc71-mt-1_31:path_posix_windows.obj
 0001:0000dd70       ?native_file_string@path@filesystem@boost@@QBE?AV?$basic_string@DU?$char_traits@D@std@@V?$allocator@D@2@@std@@XZ 0040ed70 f   libboost_filesystem-vc71-mt-1_31:path_posix_windows.obj
 0001:0000de30       ?native_directory_string@path@filesystem@boost@@QBE?AV?$basic_string@DU?$char_traits@D@std@@V?$allocator@D@2@@std@@XZ 0040ee30 f   libboost_filesystem-vc71-mt-1_31:path_posix_windows.obj
 0001:0000de50       ?windows_name@filesystem@boost@@YA_NABV?$basic_string@DU?$char_traits@D@std@@V?$allocator@D@2@@std@@@Z 0040ee50 f   libboost_filesystem-vc71-mt-1_31:path_posix_windows.obj
 0001:0000def0       ?portable_name@filesystem@boost@@YA_NABV?$basic_string@DU?$char_traits@D@std@@V?$allocator@D@2@@std@@@Z 0040eef0 f   libboost_filesystem-vc71-mt-1_31:path_posix_windows.obj
 0001:0000df70       ?native@filesystem@boost@@YA_NABV?$basic_string@DU?$char_traits@D@std@@V?$allocator@D@2@@std@@@Z 0040ef70 f   libboost_filesystem-vc71-mt-1_31:path_posix_windows.obj
 0001:0000df80       ?m_path_append@path@filesystem@boost@@QAEXABV?$basic_string@DU?$char_traits@D@std@@V?$allocator@D@2@@std@@P6A_N0@Z@Z 0040ef80 f   libboost_filesystem-vc71-mt-1_31:path_posix_windows.obj
 0001:0000e550       ??0path@filesystem@boost@@QAE@ABV?$basic_string@DU?$char_traits@D@std@@V?$allocator@D@2@@std@@P6A_N0@Z@Z 0040f550 f   libboost_filesystem-vc71-mt-1_31:path_posix_windows.obj
 0001:0000e5a0       ?system_message@?A0x6b0576e0@@YA?AV?$basic_string@DU?$char_traits@D@std@@V?$allocator@D@2@@std@@H@Z 0040f5a0 f   libboost_filesystem-vc71-mt-1_31:exception.obj
 0001:0000e6a0       ??0m_imp@filesystem_error@filesystem@boost@@QAE@XZ 0040f6a0 f i libboost_filesystem-vc71-mt-1_31:exception.obj
 0001:0000e710       ?system_error_code@detail@filesystem@boost@@YAHXZ 0040f710 f   libboost_filesystem-vc71-mt-1_31:exception.obj
 0001:0000e720       ?get_deleter@?$sp_counted_base_impl@PAVm_imp@filesystem_error@filesystem@boost@@U?$checked_deleter@Vm_imp@filesystem_error@filesystem@boost@@@4@@detail@boost@@UAEPAXABVtype_info@@@Z 0040f720 f i libboost_filesystem-vc71-mt-1_31:exception.obj
 0001:0000e750       ??1m_imp@filesystem_error@filesystem@boost@@QAE@XZ 0040f750 f i libboost_filesystem-vc71-mt-1_31:exception.obj
 0001:0000e7c0       ?other_error_prep@?A0x6b0576e0@@YA?AV?$basic_string@DU?$char_traits@D@std@@V?$allocator@D@2@@std@@ABV23@0@Z 0040f7c0 f   libboost_filesystem-vc71-mt-1_31:exception.obj
 0001:0000e840       ?system_error_prep@?A0x6b0576e0@@YA?AV?$basic_string@DU?$char_traits@D@std@@V?$allocator@D@2@@std@@ABV23@ABVpath@filesystem@boost@@H@Z 0040f840 f   libboost_filesystem-vc71-mt-1_31:exception.obj
 0001:0000e980       ??1filesystem_error@filesystem@boost@@UAE@XZ 0040f980 f   libboost_filesystem-vc71-mt-1_31:exception.obj
 0001:0000e9a0       ?what@filesystem_error@filesystem@boost@@UBEPBDXZ 0040f9a0 f   libboost_filesystem-vc71-mt-1_31:exception.obj
 0001:0000e9d0       ??_E?$sp_counted_base_impl@PAVm_imp@filesystem_error@filesystem@boost@@U?$checked_deleter@Vm_imp@filesystem_error@filesystem@boost@@@4@@detail@boost@@UAEPAXI@Z 0040f9d0 f i libboost_filesystem-vc71-mt-1_31:exception.obj
 0001:0000e9d0       ??_G?$sp_counted_base_impl@PAVm_imp@filesystem_error@filesystem@boost@@U?$checked_deleter@Vm_imp@filesystem_error@filesystem@boost@@@4@@detail@boost@@UAEPAXI@Z 0040f9d0 f i libboost_filesystem-vc71-mt-1_31:exception.obj
 0001:0000e9f0       ??1?$sp_counted_base_impl@PAVm_imp@filesystem_error@filesystem@boost@@U?$checked_deleter@Vm_imp@filesystem_error@filesystem@boost@@@4@@detail@boost@@UAE@XZ 0040f9f0 f i libboost_filesystem-vc71-mt-1_31:exception.obj
 0001:0000ea00       ?reset@?$shared_ptr@Vm_imp@filesystem_error@filesystem@boost@@@boost@@QAEXXZ 0040fa00 f i libboost_filesystem-vc71-mt-1_31:exception.obj
 0001:0000ea20       ??R?$checked_deleter@Vm_imp@filesystem_error@filesystem@boost@@@boost@@QBEXPAVm_imp@filesystem_error@filesystem@1@@Z 0040fa20 f i libboost_filesystem-vc71-mt-1_31:exception.obj
 0001:0000ea40       ?dispose@?$sp_counted_base_impl@PAVm_imp@filesystem_error@filesystem@boost@@U?$checked_deleter@Vm_imp@filesystem_error@filesystem@boost@@@4@@detail@boost@@UAEXXZ 0040fa40 f i libboost_filesystem-vc71-mt-1_31:exception.obj
 0001:0000ea60       ??$?0PAVm_imp@filesystem_error@filesystem@boost@@U?$checked_deleter@Vm_imp@filesystem_error@filesystem@boost@@@3@@shared_count@detail@boost@@QAE@PAVm_imp@filesystem_error@filesystem@2@U?$checked_deleter@Vm_imp@filesystem_error@filesystem@boost@@@2@@Z 0040fa60 f i libboost_filesystem-vc71-mt-1_31:exception.obj
 0001:0000eaf0       ??0filesystem_error@filesystem@boost@@QAE@ABV?$basic_string@DU?$char_traits@D@std@@V?$allocator@D@2@@std@@0@Z 0040faf0 f   libboost_filesystem-vc71-mt-1_31:exception.obj
 0001:0000ec00       ??0filesystem_error@filesystem@boost@@QAE@ABV?$basic_string@DU?$char_traits@D@std@@V?$allocator@D@2@@std@@ABVpath@12@H@Z 0040fc00 f   libboost_filesystem-vc71-mt-1_31:exception.obj
 0001:0000ed2e       __purecall                 0040fd2e f   MSVCRT:MSVCR71.dll
 0002:00000000       __imp__CreateDirectoryA@8  00411000     kernel32:KERNEL32.dll
 0002:00000004       __imp__GetLastError@0      00411004     kernel32:KERNEL32.dll
 0002:00000008       __imp__GetFileAttributesA@4 00411008     kernel32:KERNEL32.dll
 0002:0000000c       __imp__InterlockedExchange@8 0041100c     kernel32:KERNEL32.dll
 0002:00000010       __imp__Sleep@4             00411010     kernel32:KERNEL32.dll
 0002:00000014       __imp__GetModuleHandleA@4  00411014     kernel32:KERNEL32.dll
 0002:00000018       __imp__LocalFree@4         00411018     kernel32:KERNEL32.dll
 0002:0000001c       __imp__FormatMessageA@28   0041101c     kernel32:KERNEL32.dll
 0002:00000020       \177KERNEL32_NULL_THUNK_DATA 00411020     kernel32:KERNEL32.dll
 0002:00000024       __imp_?setstate@?$basic_ios@DU?$char_traits@D@std@@@std@@QAEXH_N@Z 00411024     msvcprt:MSVCP71.dll
 0002:00000028       __imp_?eq_int_type@?$char_traits@D@std@@SA_NABH0@Z 00411028     msvcprt:MSVCP71.dll
 0002:0000002c       __imp_?eof@?$char_traits@D@std@@SAHXZ 0041102c     msvcprt:MSVCP71.dll
 0002:00000030       __imp_?rdbuf@?$basic_ios@DU?$char_traits@D@std@@@std@@QBEPAV?$basic_streambuf@DU?$char_traits@D@std@@@2@XZ 00411030     msvcprt:MSVCP71.dll
 0002:00000034       __imp_?width@ios_base@std@@QBEHXZ 00411034     msvcprt:MSVCP71.dll
 0002:00000038       __imp_?erase@?$basic_string@DU?$char_traits@D@std@@V?$allocator@D@2@@std@@QAEAAV12@II@Z 00411038     msvcprt:MSVCP71.dll
 0002:0000003c       __imp_?npos@?$basic_string@DU?$char_traits@D@std@@V?$allocator@D@2@@std@@2IB 0041103c     msvcprt:MSVCP71.dll
 0002:00000040       __imp_??1locale@std@@QAE@XZ 00411040     msvcprt:MSVCP71.dll
 0002:00000044       __imp_?_Unlock@?$basic_streambuf@DU?$char_traits@D@std@@@std@@QAEXXZ 00411044     msvcprt:MSVCP71.dll
 0002:00000048       __imp_?_Lock@?$basic_streambuf@DU?$char_traits@D@std@@@std@@QAEXXZ 00411048     msvcprt:MSVCP71.dll
 0002:0000004c       __imp_??1_Lockit@std@@QAE@XZ 0041104c     msvcprt:MSVCP71.dll
 0002:00000050       __imp_?_Register@facet@locale@std@@QAEXXZ 00411050     msvcprt:MSVCP71.dll
 0002:00000054       __imp_?_Incref@facet@locale@std@@QAEXXZ 00411054     msvcprt:MSVCP71.dll
 0002:00000058       __imp_?_Getcat@?$ctype@D@std@@SAIPAPBVfacet@locale@2@@Z 00411058     msvcprt:MSVCP71.dll
 0002:0000005c       __imp_?_Getfacet@locale@std@@QBEPBVfacet@12@I@Z 0041105c     msvcprt:MSVCP71.dll
 0002:00000060       __imp_??Bid@locale@std@@QAEIXZ 00411060     msvcprt:MSVCP71.dll
 0002:00000064       __imp_?id@?$ctype@D@std@@2V0locale@2@A 00411064     msvcprt:MSVCP71.dll
 0002:00000068       __imp_??0_Lockit@std@@QAE@H@Z 00411068     msvcprt:MSVCP71.dll
 0002:0000006c       __imp_?size@?$basic_string@DU?$char_traits@D@std@@V?$allocator@D@2@@std@@QBEIXZ 0041106c     msvcprt:MSVCP71.dll
 0002:00000070       __imp_?_Osfx@?$basic_ostream@DU?$char_traits@D@std@@@std@@QAEXXZ 00411070     msvcprt:MSVCP71.dll
 0002:00000074       __imp_?uncaught_exception@std@@YA_NXZ 00411074     msvcprt:MSVCP71.dll
 0002:00000078       __imp_??A?$basic_string@DU?$char_traits@D@std@@V?$allocator@D@2@@std@@QBEABDI@Z 00411078     msvcprt:MSVCP71.dll
 0002:0000007c       __imp_?sputc@?$basic_streambuf@DU?$char_traits@D@std@@@std@@QAEHD@Z 0041107c     msvcprt:MSVCP71.dll
 0002:00000080       __imp_?fill@?$basic_ios@DU?$char_traits@D@std@@@std@@QBEDXZ 00411080     msvcprt:MSVCP71.dll
 0002:00000084       __imp_?flags@ios_base@std@@QBEHXZ 00411084     msvcprt:MSVCP71.dll
 0002:00000088       __imp_?flush@?$basic_ostream@DU?$char_traits@D@std@@@std@@QAEAAV12@XZ 00411088     msvcprt:MSVCP71.dll
 0002:0000008c       __imp_?tie@?$basic_ios@DU?$char_traits@D@std@@@std@@QBEPAV?$basic_ostream@DU?$char_traits@D@std@@@2@XZ 0041108c     msvcprt:MSVCP71.dll
 0002:00000090       __imp_?good@ios_base@std@@QBE_NXZ 00411090     msvcprt:MSVCP71.dll
 0002:00000094       __imp_?width@ios_base@std@@QAEHH@Z 00411094     msvcprt:MSVCP71.dll
 0002:00000098       __imp_?c_str@?$basic_string@DU?$char_traits@D@std@@V?$allocator@D@2@@std@@QBEPBDXZ 00411098     msvcprt:MSVCP71.dll
 0002:0000009c       __imp_??$?8DU?$char_traits@D@std@@V?$allocator@D@1@@std@@YA_NABV?$basic_string@DU?$char_traits@D@std@@V?$allocator@D@2@@0@PBD@Z 0041109c     msvcprt:MSVCP71.dll
 0002:000000a0       __imp_?begin@?$basic_string@DU?$char_traits@D@std@@V?$allocator@D@2@@std@@QAE?AViterator@12@XZ 004110a0     msvcprt:MSVCP71.dll
 0002:000000a4       __imp_?end@?$basic_string@DU?$char_traits@D@std@@V?$allocator@D@2@@std@@QAE?AViterator@12@XZ 004110a4     msvcprt:MSVCP71.dll
 0002:000000a8       __imp_?substr@?$basic_string@DU?$char_traits@D@std@@V?$allocator@D@2@@std@@QBE?AV12@II@Z 004110a8     msvcprt:MSVCP71.dll
 0002:000000ac       __imp_??4?$basic_string@DU?$char_traits@D@std@@V?$allocator@D@2@@std@@QAEAAV01@D@Z 004110ac     msvcprt:MSVCP71.dll
 0002:000000b0       __imp_?toupper@?$ctype@D@std@@QBEDD@Z 004110b0     msvcprt:MSVCP71.dll
 0002:000000b4       __imp_??0locale@std@@QAE@XZ 004110b4     msvcprt:MSVCP71.dll
 0002:000000b8       __imp_??0?$basic_string@DU?$char_traits@D@std@@V?$allocator@D@2@@std@@QAE@XZ 004110b8     msvcprt:MSVCP71.dll
 0002:000000bc       __imp_??A?$basic_string@DU?$char_traits@D@std@@V?$allocator@D@2@@std@@QAEAADI@Z 004110bc     msvcprt:MSVCP71.dll
 0002:000000c0       __imp_?erase@?$basic_string@DU?$char_traits@D@std@@V?$allocator@D@2@@std@@QAE?AViterator@12@V312@@Z 004110c0     msvcprt:MSVCP71.dll
 0002:000000c4       __imp_?cout@std@@3V?$basic_ostream@DU?$char_traits@D@std@@@1@A 004110c4     msvcprt:MSVCP71.dll
 0002:000000c8       __imp_??_D?$basic_ofstream@DU?$char_traits@D@std@@@std@@QAEXXZ 004110c8     msvcprt:MSVCP71.dll
 0002:000000cc       __imp_??6?$basic_ostream@DU?$char_traits@D@std@@@std@@QAEAAV01@P6AAAV01@AAV01@@Z@Z 004110cc     msvcprt:MSVCP71.dll
 0002:000000d0       __imp_??$?6U?$char_traits@D@std@@@std@@YAAAV?$basic_ostream@DU?$char_traits@D@std@@@0@AAV10@PBD@Z 004110d0     msvcprt:MSVCP71.dll
 0002:000000d4       __imp_?cerr@std@@3V?$basic_ostream@DU?$char_traits@D@std@@@1@A 004110d4     msvcprt:MSVCP71.dll
 0002:000000d8       __imp_?endl@std@@YAAAV?$basic_ostream@DU?$char_traits@D@std@@@1@AAV21@@Z 004110d8     msvcprt:MSVCP71.dll
 0002:000000dc       __imp_??7ios_base@std@@QBE_NXZ 004110dc     msvcprt:MSVCP71.dll
 0002:000000e0       __imp_??0?$basic_ofstream@DU?$char_traits@D@std@@@std@@QAE@PBDHH@Z 004110e0     msvcprt:MSVCP71.dll
 0002:000000e4       __imp_?find_first_not_of@?$basic_string@DU?$char_traits@D@std@@V?$allocator@D@2@@std@@QBEIPBDII@Z 004110e4     msvcprt:MSVCP71.dll
 0002:000000e8       __imp_??$?6U?$char_traits@D@std@@@std@@YAAAV?$basic_ostream@DU?$char_traits@D@std@@@0@AAV10@D@Z 004110e8     msvcprt:MSVCP71.dll
 0002:000000ec       __imp_??$?8DU?$char_traits@D@std@@V?$allocator@D@1@@std@@YA_NABV?$basic_string@DU?$char_traits@D@std@@V?$allocator@D@2@@0@0@Z 004110ec     msvcprt:MSVCP71.dll
 0002:000000f0       __imp_??$?MDU?$char_traits@D@std@@V?$allocator@D@1@@std@@YA_NABV?$basic_string@DU?$char_traits@D@std@@V?$allocator@D@2@@0@0@Z 004110f0     msvcprt:MSVCP71.dll
 0002:000000f4       __imp_??4?$basic_string@DU?$char_traits@D@std@@V?$allocator@D@2@@std@@QAEAAV01@ABV01@@Z 004110f4     msvcprt:MSVCP71.dll
 0002:000000f8       __imp_?swap@?$basic_string@DU?$char_traits@D@std@@V?$allocator@D@2@@std@@QAEXAAV12@@Z 004110f8     msvcprt:MSVCP71.dll
 0002:000000fc       __imp_??4?$basic_string@DU?$char_traits@D@std@@V?$allocator@D@2@@std@@QAEAAV01@PBD@Z 004110fc     msvcprt:MSVCP71.dll
 0002:00000100       __imp_??0?$basic_string@DU?$char_traits@D@std@@V?$allocator@D@2@@std@@QAE@PBDI@Z 00411100     msvcprt:MSVCP71.dll
 0002:00000104       __imp_?rfind@?$basic_string@DU?$char_traits@D@std@@V?$allocator@D@2@@std@@QBEIPBDI@Z 00411104     msvcprt:MSVCP71.dll
 0002:00000108       __imp_?tolower@?$ctype@D@std@@QBEDD@Z 00411108     msvcprt:MSVCP71.dll
 0002:0000010c       __imp_??6?$basic_ostream@DU?$char_traits@D@std@@@std@@QAEAAV01@H@Z 0041110c     msvcprt:MSVCP71.dll
 0002:00000110       __imp_??6?$basic_ostream@DU?$char_traits@D@std@@@std@@QAEAAV01@PBX@Z 00411110     msvcprt:MSVCP71.dll
 0002:00000114       __imp_??Bios_base@std@@QBEPAXXZ 00411114     msvcprt:MSVCP71.dll
 0002:00000118       __imp_?_Nomemory@std@@YAXXZ 00411118     msvcprt:MSVCP71.dll
 0002:0000011c       __imp_??Y?$basic_string@DU?$char_traits@D@std@@V?$allocator@D@2@@std@@QAEAAV01@D@Z 0041111c     msvcprt:MSVCP71.dll
 0002:00000120       __imp_??Y?$basic_string@DU?$char_traits@D@std@@V?$allocator@D@2@@std@@QAEAAV01@PBD@Z 00411120     msvcprt:MSVCP71.dll
 0002:00000124       __imp_??0?$basic_string@DU?$char_traits@D@std@@V?$allocator@D@2@@std@@QAE@PBD@Z 00411124     msvcprt:MSVCP71.dll
 0002:00000128       __imp_??0?$basic_string@DU?$char_traits@D@std@@V?$allocator@D@2@@std@@QAE@ABV01@@Z 00411128     msvcprt:MSVCP71.dll
 0002:0000012c       __imp_??Y?$basic_string@DU?$char_traits@D@std@@V?$allocator@D@2@@std@@QAEAAV01@ABV01@@Z 0041112c     msvcprt:MSVCP71.dll
 0002:00000130       __imp_??1?$basic_string@DU?$char_traits@D@std@@V?$allocator@D@2@@std@@QAE@XZ 00411130     msvcprt:MSVCP71.dll
 0002:00000134       __imp_?find@?$basic_string@DU?$char_traits@D@std@@V?$allocator@D@2@@std@@QBEIPBDII@Z 00411134     msvcprt:MSVCP71.dll
 0002:00000138       __imp_?end@?$basic_string@DU?$char_traits@D@std@@V?$allocator@D@2@@std@@QBE?AVconst_iterator@12@XZ 00411138     msvcprt:MSVCP71.dll
 0002:0000013c       __imp_?begin@?$basic_string@DU?$char_traits@D@std@@V?$allocator@D@2@@std@@QBE?AVconst_iterator@12@XZ 0041113c     msvcprt:MSVCP71.dll
 0002:00000140       __imp_??$?9DU?$char_traits@D@std@@V?$allocator@D@1@@std@@YA_NABV?$basic_string@DU?$char_traits@D@std@@V?$allocator@D@2@@0@0@Z 00411140     msvcprt:MSVCP71.dll
 0002:00000144       __imp_?find_first_of@?$basic_string@DU?$char_traits@D@std@@V?$allocator@D@2@@std@@QBEIPBDII@Z 00411144     msvcprt:MSVCP71.dll
 0002:00000148       \177MSVCP71_NULL_THUNK_DATA 00411148     msvcprt:MSVCP71.dll
 0002:0000014c       __imp___onexit             0041114c     MSVCRT:MSVCR71.dll
 0002:00000150       __imp____dllonexit         00411150     MSVCRT:MSVCR71.dll
 0002:00000154       __imp_?terminate@@YAXXZ    00411154     MSVCRT:MSVCR71.dll
 0002:00000158       __imp___except_handler3    00411158     MSVCRT:MSVCR71.dll
 0002:0000015c       __imp____set_app_type      0041115c     MSVCRT:MSVCR71.dll
 0002:00000160       __imp____p__fmode          00411160     MSVCRT:MSVCR71.dll
 0002:00000164       __imp____p__commode        00411164     MSVCRT:MSVCR71.dll
 0002:00000168       __imp___adjust_fdiv        00411168     MSVCRT:MSVCR71.dll
 0002:0000016c       __imp____setusermatherr    0041116c     MSVCRT:MSVCR71.dll
 0002:00000170       __imp___initterm           00411170     MSVCRT:MSVCR71.dll
 0002:00000174       __imp____getmainargs       00411174     MSVCRT:MSVCR71.dll
 0002:00000178       __imp___amsg_exit          00411178     MSVCRT:MSVCR71.dll
 0002:0000017c       __imp____p___initenv       0041117c     MSVCRT:MSVCR71.dll
 0002:00000180       __imp__exit                00411180     MSVCRT:MSVCR71.dll
 0002:00000184       __imp___cexit              00411184     MSVCRT:MSVCR71.dll
 0002:00000188       __imp___XcptFilter         00411188     MSVCRT:MSVCR71.dll
 0002:0000018c       __imp___exit               0041118c     MSVCRT:MSVCR71.dll
 0002:00000190       __imp___c_exit             00411190     MSVCRT:MSVCR71.dll
 0002:00000194       __imp_??1type_info@@UAE@XZ 00411194     MSVCRT:MSVCR71.dll
 0002:00000198       __imp___callnewh           00411198     MSVCRT:MSVCR71.dll
 0002:0000019c       __imp__malloc              0041119c     MSVCRT:MSVCR71.dll
 0002:000001a0       __imp_??0exception@@QAE@XZ 004111a0     MSVCRT:MSVCR71.dll
 0002:000001a4       __imp_??1exception@@UAE@XZ 004111a4     MSVCRT:MSVCR71.dll
 0002:000001a8       __imp_??3@YAXPAX@Z         004111a8     MSVCRT:MSVCR71.dll
 0002:000001ac       __imp__time                004111ac     MSVCRT:MSVCR71.dll
 0002:000001b0       __imp__ctime               004111b0     MSVCRT:MSVCR71.dll
 0002:000001b4       __imp_??0bad_cast@@QAE@PBD@Z 004111b4     MSVCRT:MSVCR71.dll
 0002:000001b8       __imp_??1bad_cast@@UAE@XZ  004111b8     MSVCRT:MSVCR71.dll
 0002:000001bc       __imp_??0bad_cast@@QAE@ABV0@@Z 004111bc     MSVCRT:MSVCR71.dll
 0002:000001c0       __imp_??0exception@@QAE@ABV0@@Z 004111c0     MSVCRT:MSVCR71.dll
 0002:000001c4       __imp___CxxThrowException@8 004111c4     MSVCRT:MSVCR71.dll
 0002:000001c8       __imp____CxxFrameHandler   004111c8     MSVCRT:MSVCR71.dll
 0002:000001cc       __imp_??8type_info@@QBEHABV0@@Z 004111cc     MSVCRT:MSVCR71.dll
 0002:000001d0       __imp___controlfp          004111d0     MSVCRT:MSVCR71.dll
 0002:000001d4       __imp___purecall           004111d4     MSVCRT:MSVCR71.dll
 0002:000001d8       \177MSVCR71_NULL_THUNK_DATA 004111d8     MSVCRT:MSVCR71.dll
 0002:000001dc       __imp__xmlParseFile        004111dc     libxml2:libxml2.dll
 0002:000001e0       __imp__xmlDocGetRootElement 004111e0     libxml2:libxml2.dll
 0002:000001e4       __imp__xmlFreeDoc          004111e4     libxml2:libxml2.dll
 0002:000001e8       \177libxml2_NULL_THUNK_DATA 004111e8     libxml2:libxml2.dll
 0002:0000020c       ??_C@_0BH@HMDOIPGJ@?$DM?$DPxml?5version?$DN?$CC1?40?$CC?$DP?$DO?6?$AA@ 0041120c     default.obj
 0002:00000224       ??_C@_08EPJLHIJG@bad?5cast?$AA@ 00411224     default.obj
 0002:00000234       ??_C@_05LPIJGKJ@Value?$AA@ 00411234     generate.obj
 0002:0000023c       ??_C@_05MFEJDJP@value?$AA@ 0041123c     generate.obj
 0002:00000244       ??_C@_05OJJNEPLA@While?$AA@ 00411244     generate.obj
 0002:0000024c       ??_C@_05OODBEKIG@while?$AA@ 0041124c     generate.obj
 0002:00000254       ??_C@_07NCBAOCJD@Wchar_t?$AA@ 00411254     generate.obj
 0002:0000025c       ??_C@_07CLGGIAMF@wchar_t?$AA@ 0041125c     generate.obj
 0002:00000264       ??_C@_08INPAMIPE@Volatile?$AA@ 00411264     generate.obj
 0002:00000270       ??_C@_08PABEKFH@volatile?$AA@ 00411270     generate.obj
 0002:0000027c       ??_C@_04KLFMILNA@Void?$AA@ 0041127c     generate.obj
 0002:00000284       ??_C@_04GKJNKENE@void?$AA@ 00411284     generate.obj
 0002:0000028c       ??_C@_07IBLOOMDG@Virtual?$AA@ 0041128c     generate.obj
 0002:00000294       ??_C@_07HIMIIOGA@virtual?$AA@ 00411294     generate.obj
 0002:0000029c       ??_C@_05ICNHPOME@Using?$AA@ 0041129c     generate.obj
 0002:000002a4       ??_C@_05IFHLPLPC@using?$AA@ 004112a4     generate.obj
 0002:000002ac       ??_C@_08KJEPEFMA@Unsigned?$AA@ 004112ac     generate.obj
 0002:000002b8       ??_C@_08CLLOMHGD@unsigned?$AA@ 004112b8     generate.obj
 0002:000002c4       ??_C@_05MKKHHMIJ@Union?$AA@ 004112c4     generate.obj
 0002:000002cc       ??_C@_05MNALHJLP@union?$AA@ 004112cc     generate.obj
 0002:000002d4       ??_C@_08MMBLKBIJ@Typename?$AA@ 004112d4     generate.obj
 0002:000002e0       ??_C@_08EOOKCDCK@typename?$AA@ 004112e0     generate.obj
 0002:000002ec       ??_C@_06CKJJAINO@Typeid?$AA@ 004112ec     generate.obj
 0002:000002f4       ??_C@_06OFCEDBEC@typeid?$AA@ 004112f4     generate.obj
 0002:000002fc       ??_C@_07KBEOBIBA@Typedef?$AA@ 004112fc     generate.obj
 0002:00000304       ??_C@_07FIDIHKEG@typedef?$AA@ 00411304     generate.obj
 0002:0000030c       ??_C@_03DDFMMGJH@Try?$AA@  0041130c     generate.obj
 0002:00000310       ??_C@_03JDGOGJKJ@try?$AA@  00411310     generate.obj
 0002:00000314       ??_C@_04HPMIDMKH@True?$AA@ 00411314     generate.obj
 0002:0000031c       ??_C@_04LOAJBDKD@true?$AA@ 0041131c     generate.obj
 0002:00000324       ??_C@_05JCKDCDAK@Throw?$AA@ 00411324     generate.obj
 0002:0000032c       ??_C@_05JFAPCGDM@throw?$AA@ 0041132c     generate.obj
 0002:00000334       ??_C@_04EJMIGEJP@This?$AA@ 00411334     generate.obj
 0002:0000033c       ??_C@_04IIAJELJL@this?$AA@ 0041133c     generate.obj
 0002:00000344       ??_C@_08NLCKCAFE@Template?$AA@ 00411344     generate.obj
 0002:00000350       ??_C@_08FJNLKCPH@template?$AA@ 00411350     generate.obj
 0002:0000035c       ??_C@_06PBEDFIPD@Switch?$AA@ 0041135c     generate.obj
 0002:00000364       ??_C@_06DOPOGBGP@switch?$AA@ 00411364     generate.obj
 0002:0000036c       ??_C@_06DOCMLGPG@Struct?$AA@ 0041136c     generate.obj
 0002:00000374       ??_C@_06PBJBIPGK@struct?$AA@ 00411374     generate.obj
 0002:0000037c       ??_C@_0M@NKJAMNEA@Static_cast?$AA@ 0041137c     generate.obj
 0002:00000388       ??_C@_0M@MCKBBGLI@static_cast?$AA@ 00411388     generate.obj
 0002:00000394       ??_C@_06KJMEDNIB@Static?$AA@ 00411394     generate.obj
 0002:0000039c       ??_C@_06GGHJAEBN@static?$AA@ 0041139c     generate.obj
 0002:000003a4       ??_C@_06JAODDCFK@Sizeof?$AA@ 004113a4     generate.obj
 0002:000003ac       ??_C@_06FPFOALMG@sizeof?$AA@ 004113ac     generate.obj
 0002:000003b4       ??_C@_06OADDABDM@Signed?$AA@ 004113b4     generate.obj
 0002:000003bc       ??_C@_06CPIODIKA@signed?$AA@ 004113bc     generate.obj
 0002:000003c4       ??_C@_05BCAGPPBA@Short?$AA@ 004113c4     generate.obj
 0002:000003cc       ??_C@_05BFKKPKCG@short?$AA@ 004113cc     generate.obj
 0002:000003d4       ??_C@_06HCFIKKEA@Return?$AA@ 004113d4     generate.obj
 0002:000003dc       ??_C@_06LNOFJDNM@return?$AA@ 004113dc     generate.obj
 0002:000003e4       ??_C@_0BB@OBNPCFIO@Reinterpret_cast?$AA@ 004113e4     generate.obj
 0002:000003f8       ??_C@_0BB@MPHMBHHE@reinterpret_cast?$AA@ 004113f8     generate.obj
 0002:0000040c       ??_C@_08LFIJLPOM@Register?$AA@ 0041140c     generate.obj
 0002:00000418       ??_C@_08DHHIDNEP@register?$AA@ 00411418     generate.obj
 0002:00000424       ??_C@_06IBHNPBBJ@Public?$AA@ 00411424     generate.obj
 0002:0000042c       ??_C@_06EOMAMIIF@public?$AA@ 0041142c     generate.obj
 0002:00000434       ??_C@_09EHKDLPGK@Protected?$AA@ 00411434     generate.obj
 0002:00000440       ??_C@_09IPOLMLK@protected?$AA@ 00411440     generate.obj
 0002:0000044c       ??_C@_07CFINJGKH@Private?$AA@ 0041144c     generate.obj
 0002:00000454       ??_C@_07NMPLPEPB@private?$AA@ 00411454     generate.obj
 0002:0000045c       ??_C@_08DFGEIHMA@Operator?$AA@ 0041145c     generate.obj
 0002:00000468       ??_C@_08LHJFAFGD@operator?$AA@ 00411468     generate.obj
 0002:00000474       ??_C@_04BGNMLDIM@New?5?$AA@ 00411474     generate.obj
 0002:0000047c       ??_C@_04NHBNJMII@new?5?$AA@ 0041147c     generate.obj
 0002:00000484       ??_C@_09OAJLAGAI@Namespace?$AA@ 00411484     generate.obj
 0002:00000490       ??_C@_09KPMGAFNI@namespace?$AA@ 00411490     generate.obj
 0002:0000049c       ??_C@_07GKJMILCC@Mutable?$AA@ 0041149c     generate.obj
 0002:000004a4       ??_C@_07JDOKOJHE@mutable?$AA@ 004114a4     generate.obj
 0002:000004ac       ??_C@_04KPGOEBLF@Long?$AA@ 004114ac     generate.obj
 0002:000004b4       ??_C@_04GOKPGOLB@long?$AA@ 004114b4     generate.obj
 0002:000004bc       ??_C@_03DBLNGNIM@Int?$AA@  004114bc     generate.obj
 0002:000004c0       ??_C@_03JBIPMCLC@int?$AA@  004114c0     generate.obj
 0002:000004c4       ??_C@_06MBNBCFAM@Inline?$AA@ 004114c4     generate.obj
 0002:000004cc       ??_C@_06OGMBMJA@inline?$AA@ 004114cc     generate.obj
 0002:000004d4       ??_C@_02EMFCFMID@If?$AA@   004114d4     generate.obj
 0002:000004d8       ??_C@_02HEBPBKGD@if?$AA@   004114d8     generate.obj
 0002:000004dc       ??_C@_04BNGNMAK@Goto?$AA@  004114dc     generate.obj
 0002:000004e4       ??_C@_04MABHPDAO@goto?$AA@ 004114e4     generate.obj
 0002:000004ec       ??_C@_06NIKAJGIM@Friend?$AA@ 004114ec     generate.obj
 0002:000004f4       ??_C@_06BHBNKPBA@friend?$AA@ 004114f4     generate.obj
 0002:000004fc       ??_C@_03DOEGLAGL@For?$AA@  004114fc     generate.obj
 0002:00000500       ??_C@_03JOHEBPFF@for?$AA@  00411500     generate.obj
 0002:00000504       ??_C@_05KKPNNHNB@Float?$AA@ 00411504     generate.obj
 0002:0000050c       ??_C@_05KNFBNCOH@float?$AA@ 0041150c     generate.obj
 0002:00000514       ??_C@_05MKDOIIA@False?$AA@ 00411514     generate.obj
 0002:0000051c       ??_C@_05LAPONLG@false?$AA@ 0041151c     generate.obj
 0002:00000524       ??_C@_06DPHAEONK@Extern?$AA@ 00411524     generate.obj
 0002:0000052c       ??_C@_06PAMNHHEG@extern?$AA@ 0041152c     generate.obj
 0002:00000534       ??_C@_06BFGAPCKF@Export?$AA@ 00411534     generate.obj
 0002:0000053c       ??_C@_06NKNNMLDJ@export?$AA@ 0041153c     generate.obj
 0002:00000544       ??_C@_08NAPMDJLK@Explicit?$AA@ 00411544     generate.obj
[...]
    30 0001:00008670    30 0001:00008670    32 0001:00008679    32 0001:00008679
    33 0001:0000867f    33 0001:0000867f    34 0001:000086d2    34 0001:000086d2
    30 0001:000086e0    32 0001:000086e9    33 0001:000086ef    34 0001:0000874f

Line numbers for \Source\yacg\obj\vc71\release\xcg\generate.obj(e:\boost_1_31_0\boost\bind\bind_mf_cc.hpp) segment .text

    80 0001:00008220    80 0001:00008220    83 0001:00008226    83 0001:00008226
    84 0001:00008276    84 0001:00008276   104 0001:00008280   104 0001:00008280
   107 0001:00008286   107 0001:00008286   108 0001:000082e2   108 0001:000082e2
   128 0001:000082f0   131 0001:000082f6   132 0001:0000837a

Line numbers for \Source\yacg\obj\vc71\release\xcg\generate.obj(c:\program files\microsoft visual studio .net 2003\vc7\include\stdexcept) segment .text

    26 0001:00007f90    27 0001:00007f97    28 0001:00007fa3    23 0001:00007fe0
    99 0001:00008040

Line numbers for \Source\yacg\obj\vc71\release\xcg\generate.obj(c:\program files\microsoft visual studio .net 2003\vc7\include\xtree) segment .text

   794 0001:00007340   795 0001:00007349   797 0001:0000735e   798 0001:000073d0
   987 0001:000080d0   988 0001:000080d9   989 0001:000080e5   991 0001:000080ee
   992 0001:000080f9   993 0001:00008114   994 0001:0000811d   996 0001:0000811f
   997 0001:00008125   998 0001:0000812d  1000 0001:0000812f  1001 0001:00008132
   267 0001:00008380   268 0001:00008389   270 0001:00008396   271 0001:000083a8
   272 0001:000083d2   276 0001:000083d4   277 0001:000083f7   278 0001:00008401
   280 0001:00008409

Line numbers for \Source\yacg\obj\vc71\release\xcg\generate.obj(c:\program files\microsoft visual studio .net 2003\vc7\include\vector) segment .text

   329 0001:00007110   330 0001:0000713b   331 0001:00007187   332 0001:0000718e
   334 0001:00007218   335 0001:00007223   336 0001:0000722c   337 0001:00007233
   387 0001:00007250   388 0001:00007259   389 0001:00007261   579 0001:00007270
   580 0001:00007279   581 0001:000072d3   582 0001:00007313   583 0001:00007315
   584 0001:00007338   620 0001:000073e0   621 0001:000073e9   622 0001:0000744d
   623 0001:0000745f   624 0001:0000748b   770 0001:000074a0   771 0001:000074a9
   772 0001:000074c7   773 0001:000074cd   774 0001:000074d1   775 0001:000074f5
   776 0001:000074fd   778 0001:000074ff   779 0001:00007514   780 0001:00007520
   782 0001:00007532   783 0001:00007534   791 0001:00007540   792 0001:00007549
   794 0001:00007556   795 0001:000075b7   797 0001:000075e5   798 0001:00007603
   261 0001:00007610   262 0001:00007619   263 0001:00007621   264 0001:00007638
   809 0001:00007640   810 0001:0000766b   811 0001:0000767f   813 0001:000076c2
   815 0001:000076c8   816 0001:0000773a   817 0001:00007745   820 0001:00007794
   821 0001:000077f4   822 0001:0000783a   823 0001:0000787e   824 0001:00007890
   826 0001:00007896   828 0001:0000789a   829 0001:00007901   830 0001:00007947
   832 0001:000079a4   833 0001:00007a1d   834 0001:00007a29   835 0001:00007a32
   837 0001:00007a39   838 0001:00007a7d   840 0001:00007a8d   841 0001:00007b2a
   843 0001:00007b6a   844 0001:00007b7c   845 0001:00007b8e   847 0001:00007b9a
   850 0001:00007bbc   852 0001:00007c1a   854 0001:00007c1e   856 0001:00007c91
   857 0001:00007d28   858 0001:00007d31   860 0001:00007d38   862 0001:00007d50
   864 0001:00007da1   866 0001:00007da6   868 0001:00007db2   870 0001:00007e1b
   872 0001:00007ea3   874 0001:00007ee0   883 0001:00007f10   884 0001:00007f2e
   885 0001:00007f7d

Line numbers for \Source\yacg\obj\vc71\release\xcg\generate.obj(e:\source\yacg\tools\xcg\common.hpp) segment .text

    74 0001:00002730    75 0001:0000274b    76 0001:0000275b    77 0001:00002768
    78 0001:0000279c    79 0001:000027c9    80 0001:000027e2

Line numbers for \Source\yacg\obj\vc71\release\xcg\generate.obj(e:\source\yacg\tools\xcg\generate.cpp) segment .text

    97 0001:00000770    98 0001:00000774   100 0001:0000078c   101 0001:000007ad
   102 0001:000007bb   103 0001:000007bd   104 0001:000007c6   144 0001:000007d0
   145 0001:000007d6   146 0001:000007e3   148 0001:00000817   150 0001:00000838
   151 0001:0000084d   152 0001:0000085c   153 0001:0000085e   154 0001:00000860
   158 0001:00000870   159 0001:00000892   160 0001:000008a2   161 0001:000008f7
   162 0001:00000936   163 0001:00000942   164 0001:00000968   168 0001:00000980
   169 0001:000009a2   170 0001:000009b6   171 0001:000009c5   172 0001:000009ef
   173 0001:000009fa   174 0001:00000a06   175 0001:00000a2c   180 0001:00000a40
   181 0001:00000a62   182 0001:00000a76   184 0001:00000a83   185 0001:00000a90
   187 0001:00000ac8   189 0001:00000aed   192 0001:00000b06   193 0001:00000b0c
   194 0001:00000b15   195 0001:00000b31   198 0001:00000b7f   203 0001:00000b90
   205 0001:00000b92   206 0001:00000b97   207 0001:00000ba6   208 0001:00000ba8
   209 0001:00000bad   210 0001:00000bbf   211 0001:00000bc1   212 0001:00000bc6
   213 0001:00000bec   217 0001:00000c00   218 0001:00000c22   219 0001:00000c36
   220 0001:00000c42   221 0001:00000c67   232 0001:00000c80   234 0001:00000cc7
   236 0001:00000cd5   240 0001:00000e23   241 0001:00000e3a   242 0001:00000e4b
   243 0001:00000e5b   244 0001:00000e6c   245 0001:00000e92   247 0001:00000eaf
   248 0001:00000ef2   250 0001:00000f23   253 0001:00000f66   254 0001:00000f80
   257 0001:00000fa0   261 0001:00001019   262 0001:00001030   263 0001:00001041
   264 0001:00001051   265 0001:00001062   266 0001:00001088   268 0001:000010a5
   269 0001:000010e7   271 0001:00001118   274 0001:0000115a   275 0001:00001174
   280 0001:00001194   281 0001:000011ab   282 0001:000011bc   283 0001:000011cc
   284 0001:000011dd   285 0001:00001203   287 0001:00001220   288 0001:00001263
   290 0001:00001294   293 0001:000012d7   294 0001:000012f1   295 0001:00001315
   298 0001:00001340   300 0001:00001364   303 0001:0000137a   304 0001:00001383
   305 0001:00001389   306 0001:00001392   307 0001:000013ac   308 0001:000013c0
   311 0001:000013d4   314 0001:00001405   315 0001:00001427   316 0001:00001464
   317 0001:00001474   318 0001:000014a1   319 0001:000014c1   320 0001:000014f2
   321 0001:00001513   322 0001:00001534   323 0001:00001570   324 0001:000015ac
   325 0001:000015e8   326 0001:00001640   327 0001:0000167d   328 0001:0000168d
   329 0001:000016e6   333 0001:000016f5   337 0001:00001839   340 0001:00001984
   341 0001:000019b5   342 0001:000019d6   343 0001:000019f7   344 0001:00001a17
   347 0001:00001a38   348 0001:00001a6a   349 0001:00001a8b   350 0001:00001aab
   351 0001:00001acc   352 0001:00001aed   353 0001:00001b0d   354 0001:00001b2e
   355 0001:00001b4f   356 0001:00001b6f   357 0001:00001b90   358 0001:00001bb1
   359 0001:00001bd1   360 0001:00001bf2   363 0001:00001c02   364 0001:00001c33
   365 0001:00001c54   366 0001:00001c75   367 0001:00001c95   370 0001:00001cb6
   371 0001:00001cd7   372 0001:00001cef   375 0001:00001cfe   376 0001:00001d22
   379 0001:00001d60   388 0001:00001d7e   389 0001:00001db8   391 0001:00001dcc
   392 0001:00001dfd   393 0001:00001e2b   394 0001:00001e4c   395 0001:00001e89
   396 0001:00001eed   397 0001:00001f0e   398 0001:00001f2f   399 0001:00001f6b
   400 0001:00001f8b   403 0001:00001fc0   412 0001:00001fde   413 0001:00002018
   414 0001:0000202c   416 0001:00002040   417 0001:00002072   418 0001:000020a0
   419 0001:000020c1   420 0001:00002119   421 0001:00002172   422 0001:00002193
   423 0001:000021b4   424 0001:0000220c   425 0001:0000222d   429 0001:00002270
   431 0001:00002294   435 0001:000022a3   436 0001:000022b0   437 0001:000022da
   438 0001:000022fb   441 0001:0000230a   442 0001:0000231f   443 0001:0000232c
   444 0001:0000233a   445 0001:00002346   446 0001:00002373   447 0001:000023a0
   450 0001:000023af   451 0001:000023d0   452 0001:000023f0   453 0001:00002411
   454 0001:00002432   457 0001:00002441   458 0001:0000246f   462 0001:00002490
   465 0001:0000265f   466 0001:00002680   469 0001:0000268f   470 0001:000026cc
   473 0001:000026dc   474 0001:0000270a   478 0001:000027f0   490 0001:0000280e
   491 0001:00002848   493 0001:0000285c   494 0001:000028b5   495 0001:000028d5
   496 0001:00002912   497 0001:00002933   498 0001:00002954   499 0001:000029d3
   500 0001:000029f4   501 0001:00002a58   502 0001:00002a79   503 0001:00002a9a
   507 0001:00002ad0   519 0001:00002aee   520 0001:00002b28   521 0001:00002b3c
   523 0001:00002b50   524 0001:00002bc5   525 0001:00002be5   526 0001:00002c22
   527 0001:00002c43   528 0001:00002c64   529 0001:00002cd8   530 0001:00002cf9
   531 0001:00002d36   532 0001:00002d57   533 0001:00002d77   537 0001:00002dc0
   539 0001:00002de4   542 0001:00002dfa   543 0001:00002e03   544 0001:00002e09
   545 0001:00002e12   546 0001:00002e2c   547 0001:00002e40   550 0001:00002e54
   553 0001:00002e85   554 0001:00002ea7   555 0001:00002ee4   558 0001:00002ef4
   559 0001:00002f4c   560 0001:00002f6d   561 0001:00002f8d   564 0001:00002fae
   565 0001:00003023   566 0001:00003043   567 0001:00003064   568 0001:00003085
   571 0001:000030a5   572 0001:000030fe   573 0001:0000311e   574 0001:0000313f
   578 0001:00003160   582 0001:000032cd   585 0001:00003446   586 0001:0000349e
   587 0001:000034bf   588 0001:000034df   589 0001:00003500   590 0001:00003510
   591 0001:00003569   592 0001:00003589   593 0001:000035aa   594 0001:000035cb
   595 0001:000035e3   598 0001:000035f2   599 0001:00003616   603 0001:00003650
   605 0001:00003674   609 0001:00003683   610 0001:00003690   611 0001:000036ba
   612 0001:000036db   615 0001:000036ea   616 0001:000036ff   617 0001:0000370c
   618 0001:0000371a   619 0001:00003726   620 0001:00003753   621 0001:00003780
   624 0001:0000378f   625 0001:000037bd   629 0001:000037de   632 0001:0000397f
   633 0001:000039a0   636 0001:000039b0   637 0001:000039de   640 0001:00003a00
   641 0001:00003a07   642 0001:00003a27   643 0001:00003a48   644 0001:00003a69
   645 0001:00003a89   646 0001:00003aaa   647 0001:00003acb   648 0001:00003aeb
   649 0001:00003b0c   650 0001:00003b2d   651 0001:00003b4d   652 0001:00003b6e
   653 0001:00003b8f   654 0001:00003baf   655 0001:00003bd0   656 0001:00003bf1
   657 0001:00003c11   658 0001:00003c32   659 0001:00003c53   660 0001:00003c73
   661 0001:00003c94   662 0001:00003cb5   663 0001:00003cd5   666 0001:00003ce0
   669 0001:00003cef   672 0001:00003dec   673 0001:00003eaa   674 0001:00003eb6
   678 0001:00003ec0   680 0001:00003ecf   681 0001:00003ee7   684 0001:00003eec
   688 0001:00003f02   691 0001:00004050   692 0001:0000410e   693 0001:0000411a
   697 0001:00004120   699 0001:0000412f   703 0001:0000413e   704 0001:0000414b
   705 0001:00004175   706 0001:00004196   709 0001:000041a5   710 0001:000041c6
   711 0001:000041e6   712 0001:00004223   715 0001:00004233   716 0001:0000426f
   719 0001:0000427e   720 0001:000042a1   721 0001:000042c2   722 0001:000042d1
   723 0001:000042f2   724 0001:00004312   725 0001:00004333   726 0001:00004354
   727 0001:00004374   728 0001:00004395   729 0001:000043b6   730 0001:000043d6
   731 0001:000043f7   732 0001:00004418   733 0001:00004438   734 0001:00004459
   735 0001:0000447a   736 0001:0000449a   737 0001:000044bb   738 0001:000044dc
   739 0001:000044fc   740 0001:0000451d   741 0001:0000453e   742 0001:0000455e
   743 0001:0000457f   744 0001:000045a0   745 0001:000045c0   746 0001:000045e1
   747 0001:00004602   748 0001:00004622   749 0001:00004643   750 0001:00004664
   751 0001:00004684   752 0001:000046a5   753 0001:000046c6   757 0001:000046d5
   758 0001:00004842   762 0001:00004850   764 0001:0000487e   767 0001:00004897
   768 0001:000048a6   769 0001:000048af   770 0001:000048c8   771 0001:00004941
   772 0001:0000495b   773 0001:00004972   774 0001:0000498c   775 0001:000049a6
   776 0001:00004abc   779 0001:00004bf1   782 0001:00004c25   783 0001:00004c47
   784 0001:00004c87   787 0001:00004c97   788 0001:00004ce6   789 0001:00004d07
   790 0001:00004d27   791 0001:00004d48   792 0001:00004d69   793 0001:00004d89
   794 0001:00004daa   795 0001:00004dcb   796 0001:00004deb   797 0001:00004e0c
   798 0001:00004e2d   799 0001:00004e4d   800 0001:00004e6e   801 0001:00004e8f
   802 0001:00004eaf   803 0001:00004ed0   804 0001:00004ef1   805 0001:00004f11
   806 0001:00004f32   807 0001:00004f53   808 0001:00004f73   809 0001:00004f94
   810 0001:00004fb5   813 0001:00004fc4   814 0001:00005014   815 0001:00005035
   816 0001:00005056   817 0001:00005076   818 0001:00005097   821 0001:000050a7
   822 0001:00005116   823 0001:00005137   824 0001:00005157   826 0001:00005178
   827 0001:00005294   828 0001:000053aa   829 0001:000053ca   830 0001:000053eb
   831 0001:0000540c   832 0001:0000542c   835 0001:0000543c   836 0001:0000547b
   837 0001:0000549b   838 0001:000054bc   839 0001:000054fc   840 0001:00005539
   841 0001:00005549   843 0001:0000558f   845 0001:000055b0   846 0001:00005735
   848 0001:00005756   850 0001:00005793   851 0001:000057b4   852 0001:000057d4
   853 0001:000057f5   854 0001:00005816   855 0001:00005836   856 0001:00005857
   858 0001:00005878   859 0001:000059bc   860 0001:000059dd   862 0001:000059ed
   863 0001:00005a0e   864 0001:00005a2f   865 0001:00005a4f   866 0001:00005a70
   867 0001:00005a91   868 0001:00005ab1   869 0001:00005ad2   870 0001:00005af3
   871 0001:00005b13   872 0001:00005b34   873 0001:00005b55   874 0001:00005b75
   875 0001:00005b96   876 0001:00005bb7   877 0001:00005bd7   878 0001:00005bf8
   881 0001:00005c08   882 0001:00005c48   883 0001:00005c69   884 0001:00005c8a
   885 0001:00005caa   886 0001:00005ccb   887 0001:00005cec   890 0001:00005cfb
   891 0001:00005d3b   892 0001:00005d5c   893 0001:00005d7c   894 0001:00005d9d
   895 0001:00005dbe   896 0001:00005dde   897 0001:00005dff   898 0001:00005e20
   899 0001:00005e40   900 0001:00005e61   901 0001:00005e82   902 0001:00005ea2
   903 0001:00005ec3   904 0001:00005ee4   905 0001:00005f04   906 0001:00005f25
   907 0001:00005f46   908 0001:00005f66   909 0001:00005f87   910 0001:00005fa8
   911 0001:00005fc8   912 0001:00005fe9   913 0001:0000600a   914 0001:0000602a
   915 0001:0000604b   916 0001:0000606c   917 0001:0000608c   918 0001:000060ad
   919 0001:000060ce   920 0001:000060ee   921 0001:0000610f   922 0001:00006130
   923 0001:00006150   926 0001:00006160   927 0001:0000619f   928 0001:000061bf
   929 0001:000061e0   930 0001:0000621d   931 0001:0000623e   932 0001:0000627a
   933 0001:0000629a   934 0001:000063e4   935 0001:00006405   936 0001:00006426
   937 0001:00006446   938 0001:00006467   939 0001:00006488   940 0001:000064a8
   941 0001:000064c9   942 0001:00006506   943 0001:00006527   944 0001:00006547
   946 0001:00006584   947 0001:000065a5   948 0001:000066bb   950 0001:000066db
   951 0001:000066fc   952 0001:0000671d   953 0001:0000673d   954 0001:0000677a
   955 0001:0000679b   958 0001:000067ab   959 0001:000067ce   962 0001:00006850
   965 0001:0000686e   967 0001:00006885   968 0001:000068de   971 0001:00006900
   974 0001:0000691e   975 0001:00006958   977 0001:0000696c   978 0001:000069c5
   982 0001:00006a00   983 0001:00006a1e   985 0001:00006a35   986 0001:00006a4d
   987 0001:00006a5f   988 0001:00006a61   989 0001:00006a73   990 0001:00006ab0
   991 0001:00006ad1   992 0001:00006af1   993 0001:00006b2e   994 0001:00006b4f
   995 0001:00006b70   998 0001:00006b90   999 0001:00006bae  1000 0001:00006be8
  1001 0001:00006bfc  1003 0001:00006c10  1004 0001:00006c4d  1005 0001:00006c6e
  1006 0001:00006cc6  1007 0001:00006ce7  1008 0001:00006d07  1012 0001:00006d50
  1026 0001:00006d6e  1028 0001:00006d85  1029 0001:00006dc2  1030 0001:00006dff
  1031 0001:00006e20  1032 0001:00006e5d  1033 0001:00006e9a  1034 0001:00006ebb
  1035 0001:00006edb  1036 0001:00006f18  1037 0001:00006f55  1038 0001:00006f76
  1039 0001:00006f97  1040 0001:00006fb7  1043 0001:00006fe0  1046 0001:00006ffe
  1047 0001:00007038  1048 0001:0000704c  1051 0001:00007060  1052 0001:000070d5

Line numbers for \Source\yacg\obj\vc71\release\xcg\default.obj(c:\program files\microsoft visual studio .net 2003\vc7\include\ostream) segment .text

    88 0001:000005c0    89 0001:000005ef    90 0001:0000061c    91 0001:00000637
    92 0001:00000650    95 0001:00000670    98 0001:00000693    99 0001:000006a0
   100 0001:000006ab    68 0001:000006d0    69 0001:000006df    70 0001:000006fa
    71 0001:00000717    74 0001:00000720    75 0001:00000727    76 0001:00000740
    77 0001:0000075d

Line numbers for \Source\yacg\obj\vc71\release\xcg\default.obj(c:\program files\microsoft visual studio .net 2003\vc7\include\xlocale) segment .text

   315 0001:00000180   316 0001:0000019b   318 0001:000001ad   320 0001:000001b5
   321 0001:000001c4   323 0001:000001d4   325 0001:000001da   326 0001:000001e2
   327 0001:000001e8   330 0001:000001fc   338 0001:00000218   339 0001:0000021e
   341 0001:00000226   342 0001:0000022c   343 0001:00000235   346 0001:0000023e
   347 0001:00000257

Line numbers for \Source\yacg\obj\vc71\release\xcg\default.obj(c:\program files\microsoft visual studio .net 2003\vc7\include\string) segment .text

    21 0001:00000000    22 0001:00000022    23 0001:0000006e    31 0001:00000080
    32 0001:000000a2    33 0001:000000ee    51 0001:00000100    52 0001:00000122
    53 0001:0000016e   538 0001:00000270   543 0001:00000292   544 0001:00000299
   546 0001:000002a5   547 0001:000002fc   549 0001:0000030f   550 0001:0000031d
   551 0001:00000326   553 0001:0000032b   554 0001:0000032f   555 0001:00000355
   557 0001:00000366   559 0001:000003d3   560 0001:000003db   563 0001:000003dd
   564 0001:000003ec   566 0001:00000406   568 0001:0000046d   569 0001:00000476
   572 0001:00000478   573 0001:00000487   575 0001:0000049c   577 0001:00000515
   578 0001:0000051d   580 0001:0000051f   581 0001:00000539   584 0001:0000055d
   585 0001:00000574   586 0001:000005a9

Line numbers for C:\Program Files\Microsoft Visual Studio .NET 2003\Vc7\lib\msvcprt.lib(f:\vs70builds\3077\vc\crtbld\crt\src\newop.cpp) segment .text

    10 0001:0000d580    12 0001:0000d581    13 0001:0000d587    14 0001:0000d592
    12 0001:0000d598    16 0001:0000d5a4

Line numbers for C:\Program Files\Microsoft Visual Studio .NET 2003\Vc7\lib\MSVCRT.lib(f:\vs70builds\3077\vc\crtbld\crt\src\atonexit.c) segment .text

    81 0001:0000d88e    76 0001:0000d88e    90 0001:0000d8b3    96 0001:0000d8b4
    95 0001:0000d8b4    97 0001:0000d8c5

Line numbers for C:\Program Files\Microsoft Visual Studio .NET 2003\Vc7\lib\MSVCRT.lib(f:\vs70builds\3077\vc\crtbld\crt\src\crtexe.c) segment .text

   202 0001:0000d61a   222 0001:0000d626   229 0001:0000d681   236 0001:0000d684
   244 0001:0000d68d   249 0001:0000d69b   250 0001:0000d6a9   257 0001:0000d6b7
   264 0001:0000d6c3   275 0001:0000d6c8   282 0001:0000d6cd   283 0001:0000d6d5
   286 0001:0000d6e1   305 0001:0000d6e6   308 0001:0000d6f5   324 0001:0000d6ff
   327 0001:0000d707   329 0001:0000d729   330 0001:0000d72d   336 0001:0000d735
   397 0001:0000d744   398 0001:0000d74f   403 0001:0000d765   404 0001:0000d76a
   406 0001:0000d771   409 0001:0000d779   415 0001:0000d790   417 0001:0000d793
   418 0001:0000d799   420 0001:0000d7a0   424 0001:0000d7aa   425 0001:0000d7ac

Line numbers for C:\Program Files\Microsoft Visual Studio .NET 2003\Vc7\lib\MSVCRT.lib(f:\vs70builds\3077\vc\crtbld\crt\src\dllargv.c) segment .text

    49 0001:0000d966    48 0001:0000d966    50 0001:0000d968

Line numbers for C:\Program Files\Microsoft Visual Studio .NET 2003\Vc7\lib\MSVCRT.lib(f:\vs70builds\3077\vc\crtbld\crt\src\merr.c) segment .text

    33 0001:0000d966    32 0001:0000d966    34 0001:0000d968

Line numbers for C:\Program Files\Microsoft Visual Studio .NET 2003\Vc7\lib\MSVCRT.lib(f:\vs70builds\3077\vc\crtbld\crt\src\intel\fp8.c) segment .text

    19 0001:0000d954    18 0001:0000d954    20 0001:0000d965
